******************************************************************************
               TMS320C6x Linker PC v7.4.24                     
******************************************************************************
>> Linked Fri Sep 28 16:53:12 2018

OUTPUT FILE NAME:   <DSP0008_IIR.out>
ENTRY POINT SYMBOL: "_c_int00"  address: 000021e0


MEMORY CONFIGURATION

         name            origin    length      used     unused   attr    fill
----------------------  --------  ---------  --------  --------  ----  --------
  IVECS                 00000000   00000220  00000200  00000020  RWIX
  IRAM                  00000220   0002fde0  00002f60  0002ce80  RWIX
  SDRAM                 80000000   00100000  00000000  00100000  RWIX
  FLASH                 90000000   00020000  00000000  00020000  RWIX


SECTION ALLOCATION MAP

 output                                  attributes/
section   page    origin      length       input sections
--------  ----  ----------  ----------   ----------------
.vecs      0    00000000    00000200     
                  00000000    00000200     Vectors_poll.obj (.vecs)

.bss       0    00000220    00000000     UNINITIALIZED

.text      0    00000220    00002160     
                  00000220    000005e0     c6713dskinit.obj (.text)
                  00000800    00000480     dsk6713bsl.lib : dsk6713.obj (.text)
                  00000c80    00000300                    : dsk6713_aic23_opencodec.obj (.text)
                  00000f80    00000300     main.obj (.text)
                  00001280    00000240     rts6700.lib : memcpy62.obj (.text:_memcpy)
                  000014c0    000001c0     csl6713.lib : csl_irq.obj (.text:_IRQ_map)
                  00001680    000001a0                 : csl_mcbsp.obj (.text:_MCBSP_reset)
                  00001820    00000140     dsk6713bsl.lib : dsk6713_aic23_registers.obj (.text)
                  00001960    00000120     rts6700.lib : memset.obj (.text:_memset)
                  00001a80    00000100     csl6713.lib : csl_mcbsp.obj (.text:_MCBSP_open)
                  00001b80    00000100                 : csl_mcbsp.obj (.text:_MCBSP_start)
                  00001c80    00000100     rts6700.lib : autoinit.obj (.text:__auto_init)
                  00001d80    000000e0                 : strasg.obj (.text:__strasg)
                  00001e60    000000e0                 : exit.obj (.text:_exit)
                  00001f40    000000c0                 : cpy_tbl.obj (.text:_copy_in)
                  00002000    000000c0     dsk6713bsl.lib : dsk6713_aic23_setfreq.obj (.text)
                  000020c0    000000a0     csl6713.lib : csl_irq.obj (.text:_setMux)
                  00002160    00000080     rts6700.lib : cpp_init.obj (.text:___TI_cpp_init)
                  000021e0    00000080                 : boot.obj (.text:_c_int00)
                  00002260    00000080     dsk6713bsl.lib : dsk6713_dip.obj (.text)
                  000022e0    00000040     rts6700.lib : args_main.obj (.text:__args_main)
                  00002320    00000020     Vectors_poll.obj (.text)
                  00002340    00000020     rts6700.lib : exit.obj (.text:_abort)
                  00002360    00000020     csl6713.lib : csl_irq.obj (.text)

.stack     0    00002380    00000800     UNINITIALIZED
                  00002380    00000008     rts6700.lib : boot.obj (.stack)
                  00002388    000007f8     --HOLE--

.cinit     0    00002b80    00000304     
                  00002b80    0000012c     csl6713.lib : csl_irq.obj (.cinit)
                  00002cac    00000004     --HOLE-- [fill = 0]
                  00002cb0    00000098     main.obj (.cinit)
                  00002d48    00000058     c6713dskinit.obj (.cinit)
                  00002da0    00000054     csl6713.lib : csl_mcbsp.obj (.cinit)
                  00002df4    00000004     --HOLE-- [fill = 0]
                  00002df8    00000030     dsk6713bsl.lib : dsk6713_aic23_registers.obj (.cinit)
                  00002e28    0000002c     rts6700.lib : exit.obj (.cinit)
                  00002e54    00000004     --HOLE-- [fill = 0]
                  00002e58    00000028     dsk6713bsl.lib : dsk6713_aic23_setfreq.obj (.cinit)
                  00002e80    00000004     --HOLE-- [fill = 0]

.far       0    00002e84    0000029c     UNINITIALIZED
                  00002e84    000000f4     csl6713.lib : csl_irq.obj (.far)
                  00002f78    000000ba     main.obj (.far)
                  00003032    00000002     dsk6713bsl.lib : dsk6713.obj (.far)
                  00003034    00000058     c6713dskinit.obj (.far)
                  0000308c    00000038     csl6713.lib : csl_mcbsp.obj (.far)
                  000030c4    00000028     dsk6713bsl.lib : dsk6713_aic23_registers.obj (.far)
                  000030ec    00000020                    : dsk6713_aic23_setfreq.obj (.far)
                  0000310c    0000000c     rts6700.lib : exit.obj (.far)
                  00003118    00000008     dsk6713bsl.lib : dsk6713_aic23_opencodec.obj (.far)

.const     0    00003120    00000060     
                  00003120    00000040     dsk6713bsl.lib : dsk6713_aic23_opencodec.obj (.const)
                  00003160    00000020                    : dsk6713.obj (.const)


GLOBAL SYMBOLS: SORTED ALPHABETICALLY BY Name 

address    name
--------   ----
00000220   $bss
00000220   .bss
00000220   .text
00002340   C$$EXIT
00003040   _AIC23CfgData
00003034   _AIC_data
00003118   _DSK6713_AIC23_codeccontrolhandle
0000311c   _DSK6713_AIC23_codecdatahandle
000018e0   _DSK6713_AIC23_config
00000c80   _DSK6713_AIC23_openCodec
000018b8   _DSK6713_AIC23_rget
00001820   _DSK6713_AIC23_rset
00002000   _DSK6713_AIC23_setFreq
00002268   _DSK6713_DIP_get
00002260   _DSK6713_DIP_init
00000c14   _DSK6713_getVersion
0000084c   _DSK6713_init
00000b68   _DSK6713_rget
00000b7c   _DSK6713_rset
00003032   _DSK6713_version
00000b90   _DSK6713_wait
00000be8   _DSK6713_waitusec
000014c0   _IRQ_map
00001a80   _MCBSP_open
00001680   _MCBSP_reset
00001b80   _MCBSP_start
00002f70   __IRQ_dispatchTable
00002eac   __IRQ_eventTable
00002360   __IRQ_hookFetchPacket
00002f30   __IRQ_intTable
000030bc   __MCBSP_hDev0
000030c0   __MCBSP_hDev1
00002b80   __STACK_END
00000800   __STACK_SIZE
00000001   __TI_args_main
00002160   ___TI_cpp_init
00003114   ___TI_enable_exit_profile_output
ffffffff   ___TI_pprof_out_hndl
ffffffff   ___TI_prof_data_size
ffffffff   ___TI_prof_data_start
ffffffff   ___binit__
00000220   ___bss__
ffffffff   ___c_args__
00002b80   ___cinit__
00000220   ___end__
00002380   ___etext__
ffffffff   ___pinit__
00000220   ___text__
000022e0   __args_main
00001c80   __auto_init
0000310c   __cleanup_ptr
00003110   __dtors_ptr
00002380   __stack
00001d80   __strasg
00002fac   _a
00002340   _abort
00002f7c   _b
000005a8   _c6713_dsk_init
000021e0   _c_int00
000006f0   _comm_intr
000006d8   _comm_poll
00003060   _config
00001f40   _copy_in
00001e60   _exit
00002f78   _fs
00002fdc   _g
00003088   _hAIC23_handle
00000520   _input_left_sample
00000494   _input_right_sample
000003f0   _input_sample
00000f80   _main
00001280   _memcpy
00001960   _memset
0000035c   _output_left_sample
000002c8   _output_right_sample
00000220   _output_sample
0000301c   _temp1
00003020   _temp2
00002fec   _u
00000020   _vector1
00000140   _vector10
00000160   _vector11
00000180   _vector12
000001a0   _vector13
000001c0   _vector14
000001e0   _vector15
00000040   _vector2
00000060   _vector3
00000080   _vector4
000000a0   _vector5
000000c0   _vector6
000000e0   _vector7
00000100   _vector8
00000120   _vector9
00000000   _vectors
00003028   _x
0000302e   _xx
00003024   _y
00003030   _ye
0000302c   _yn
ffffffff   binit
00002b80   cinit
00000220   end
00002380   etext
ffffffff   pinit


GLOBAL SYMBOLS: SORTED BY Symbol Address 

address    name
--------   ----
00000000   _vectors
00000001   __TI_args_main
00000020   _vector1
00000040   _vector2
00000060   _vector3
00000080   _vector4
000000a0   _vector5
000000c0   _vector6
000000e0   _vector7
00000100   _vector8
00000120   _vector9
00000140   _vector10
00000160   _vector11
00000180   _vector12
000001a0   _vector13
000001c0   _vector14
000001e0   _vector15
00000220   $bss
00000220   .bss
00000220   .text
00000220   ___bss__
00000220   ___end__
00000220   ___text__
00000220   _output_sample
00000220   end
000002c8   _output_right_sample
0000035c   _output_left_sample
000003f0   _input_sample
00000494   _input_right_sample
00000520   _input_left_sample
000005a8   _c6713_dsk_init
000006d8   _comm_poll
000006f0   _comm_intr
00000800   __STACK_SIZE
0000084c   _DSK6713_init
00000b68   _DSK6713_rget
00000b7c   _DSK6713_rset
00000b90   _DSK6713_wait
00000be8   _DSK6713_waitusec
00000c14   _DSK6713_getVersion
00000c80   _DSK6713_AIC23_openCodec
00000f80   _main
00001280   _memcpy
000014c0   _IRQ_map
00001680   _MCBSP_reset
00001820   _DSK6713_AIC23_rset
000018b8   _DSK6713_AIC23_rget
000018e0   _DSK6713_AIC23_config
00001960   _memset
00001a80   _MCBSP_open
00001b80   _MCBSP_start
00001c80   __auto_init
00001d80   __strasg
00001e60   _exit
00001f40   _copy_in
00002000   _DSK6713_AIC23_setFreq
00002160   ___TI_cpp_init
000021e0   _c_int00
00002260   _DSK6713_DIP_init
00002268   _DSK6713_DIP_get
000022e0   __args_main
00002340   C$$EXIT
00002340   _abort
00002360   __IRQ_hookFetchPacket
00002380   ___etext__
00002380   __stack
00002380   etext
00002b80   __STACK_END
00002b80   ___cinit__
00002b80   cinit
00002eac   __IRQ_eventTable
00002f30   __IRQ_intTable
00002f70   __IRQ_dispatchTable
00002f78   _fs
00002f7c   _b
00002fac   _a
00002fdc   _g
00002fec   _u
0000301c   _temp1
00003020   _temp2
00003024   _y
00003028   _x
0000302c   _yn
0000302e   _xx
00003030   _ye
00003032   _DSK6713_version
00003034   _AIC_data
00003040   _AIC23CfgData
00003060   _config
00003088   _hAIC23_handle
000030bc   __MCBSP_hDev0
000030c0   __MCBSP_hDev1
0000310c   __cleanup_ptr
00003110   __dtors_ptr
00003114   ___TI_enable_exit_profile_output
00003118   _DSK6713_AIC23_codeccontrolhandle
0000311c   _DSK6713_AIC23_codecdatahandle
ffffffff   ___TI_pprof_out_hndl
ffffffff   ___TI_prof_data_size
ffffffff   ___TI_prof_data_start
ffffffff   ___binit__
ffffffff   ___c_args__
ffffffff   ___pinit__
ffffffff   binit
ffffffff   pinit

[105 symbols]
