******************************************************************************
               TMS320C6x Linker PC v7.4.24                     
******************************************************************************
>> Linked Tue Aug 21 16:40:29 2018

OUTPUT FILE NAME:   <DSP002_CODEC_STEREO.out>
ENTRY POINT SYMBOL: "_c_int00"  address: 000021e0


MEMORY CONFIGURATION

         name            origin    length      used     unused   attr    fill
----------------------  --------  ---------  --------  --------  ----  --------
  IVECS                 00000000   00000220  00000200  00000020  RWIX
  IRAM                  00000220   0002fde0  00002e2a  0002cfb6  RWIX
  SDRAM                 80000000   00100000  00000000  00100000  RWIX
  FLASH                 90000000   00020000  00000000  00020000  RWIX


SECTION ALLOCATION MAP

 output                                  attributes/
section   page    origin      length       input sections
--------  ----  ----------  ----------   ----------------
.vecs      0    00000000    00000200     
                  00000000    00000200     Vectors_intr.obj (.vecs)

.bss       0    00000220    00000000     UNINITIALIZED

.text      0    00000220    00002160     
                  00000220    00000720     main.obj (.text:retain)
                  00000940    00000480     dsk6713bsl.lib : dsk6713.obj (.text)
                  00000dc0    00000300                    : dsk6713_aic23_opencodec.obj (.text)
                  000010c0    000002e0     main.obj (.text)
                  000013a0    00000240     rts6700.lib : memcpy62.obj (.text:_memcpy)
                  000015e0    000001c0     csl6713.lib : csl_irq.obj (.text:_IRQ_map)
                  000017a0    000001a0                 : csl_mcbsp.obj (.text:_MCBSP_reset)
                  00001940    00000140     dsk6713bsl.lib : dsk6713_aic23_registers.obj (.text)
                  00001a80    00000100     csl6713.lib : csl_mcbsp.obj (.text:_MCBSP_open)
                  00001b80    00000100                 : csl_mcbsp.obj (.text:_MCBSP_start)
                  00001c80    00000100     rts6700.lib : autoinit.obj (.text:__auto_init)
                  00001d80    000000e0                 : strasg.obj (.text:__strasg)
                  00001e60    000000e0                 : exit.obj (.text:_exit)
                  00001f40    000000c0                 : cpy_tbl.obj (.text:_copy_in)
                  00002000    000000c0     dsk6713bsl.lib : dsk6713_aic23_setfreq.obj (.text)
                  000020c0    000000a0     csl6713.lib : csl_irq.obj (.text:_setMux)
                  00002160    00000080     rts6700.lib : cpp_init.obj (.text:___TI_cpp_init)
                  000021e0    00000080                 : boot.obj (.text:_c_int00)
                  00002260    00000080     dsk6713bsl.lib : dsk6713_dip.obj (.text)
                  000022e0    00000040     rts6700.lib : args_main.obj (.text:__args_main)
                  00002320    00000020     Vectors_intr.obj (.text)
                  00002340    00000020     rts6700.lib : exit.obj (.text:_abort)
                  00002360    00000020     csl6713.lib : csl_irq.obj (.text)

.stack     0    00002380    00000800     UNINITIALIZED
                  00002380    00000008     rts6700.lib : boot.obj (.stack)
                  00002388    000007f8     --HOLE--

.cinit     0    00002b80    0000027c     
                  00002b80    0000012c     csl6713.lib : csl_irq.obj (.cinit)
                  00002cac    00000004     --HOLE-- [fill = 0]
                  00002cb0    00000068     main.obj (.cinit)
                  00002d18    00000054     csl6713.lib : csl_mcbsp.obj (.cinit)
                  00002d6c    00000004     --HOLE-- [fill = 0]
                  00002d70    00000030     dsk6713bsl.lib : dsk6713_aic23_registers.obj (.cinit)
                  00002da0    0000002c     rts6700.lib : exit.obj (.cinit)
                  00002dcc    00000004     --HOLE-- [fill = 0]
                  00002dd0    00000028     dsk6713bsl.lib : dsk6713_aic23_setfreq.obj (.cinit)
                  00002df8    00000004     --HOLE-- [fill = 0]

.far       0    00002dfc    000001ee     UNINITIALIZED
                  00002dfc    000000f4     csl6713.lib : csl_irq.obj (.far)
                  00002ef0    00000064     main.obj (.far)
                  00002f54    00000038     csl6713.lib : csl_mcbsp.obj (.far)
                  00002f8c    00000028     dsk6713bsl.lib : dsk6713_aic23_registers.obj (.far)
                  00002fb4    00000020                    : dsk6713_aic23_setfreq.obj (.far)
                  00002fd4    0000000c     rts6700.lib : exit.obj (.far)
                  00002fe0    00000008     dsk6713bsl.lib : dsk6713_aic23_opencodec.obj (.far)
                  00002fe8    00000002                    : dsk6713.obj (.far)

.const     0    00002fec    00000060     
                  00002fec    00000040     dsk6713bsl.lib : dsk6713_aic23_opencodec.obj (.const)
                  0000302c    00000020                    : dsk6713.obj (.const)


GLOBAL SYMBOLS: SORTED ALPHABETICALLY BY Name 

address    name
--------   ----
00000220   $bss
00000220   .bss
00000220   .text
00002340   C$$EXIT
00002f08   _AIC23CfgData
00002ef4   _AIC23_data
00002efc   _AIC_data
00002fe0   _DSK6713_AIC23_codeccontrolhandle
00002fe4   _DSK6713_AIC23_codecdatahandle
00001a00   _DSK6713_AIC23_config
00000dc0   _DSK6713_AIC23_openCodec
000019d8   _DSK6713_AIC23_rget
00001940   _DSK6713_AIC23_rset
00002000   _DSK6713_AIC23_setFreq
00002268   _DSK6713_DIP_get
00002260   _DSK6713_DIP_init
00000d54   _DSK6713_getVersion
0000098c   _DSK6713_init
00000ca8   _DSK6713_rget
00000cbc   _DSK6713_rset
00002fe8   _DSK6713_version
00000cd0   _DSK6713_wait
00000d28   _DSK6713_waitusec
000015e0   _IRQ_map
00001a80   _MCBSP_open
000017a0   _MCBSP_reset
00001b80   _MCBSP_start
00002ee8   __IRQ_dispatchTable
00002e24   __IRQ_eventTable
00002360   __IRQ_hookFetchPacket
00002ea8   __IRQ_intTable
00002f84   __MCBSP_hDev0
00002f88   __MCBSP_hDev1
00002b80   __STACK_END
00000800   __STACK_SIZE
00000001   __TI_args_main
00002160   ___TI_cpp_init
00002fdc   ___TI_enable_exit_profile_output
ffffffff   ___TI_pprof_out_hndl
ffffffff   ___TI_prof_data_size
ffffffff   ___TI_prof_data_start
ffffffff   ___binit__
00000220   ___bss__
ffffffff   ___c_args__
00002b80   ___cinit__
00000220   ___end__
00002380   ___etext__
ffffffff   ___pinit__
00000220   ___text__
000022e0   __args_main
00001c80   __auto_init
00002fd4   __cleanup_ptr
00002fd8   __dtors_ptr
00002380   __stack
00001d80   __strasg
00002340   _abort
000021e0   _c_int00
00000220   _c_int11
00002f28   _config
00001f40   _copy_in
00002ef8   _entrada
00001e60   _exit
00002ef0   _fs
00002f50   _hAIC23_handle
000010c0   _main
000013a0   _memcpy
00000020   _vector1
00000140   _vector10
00000180   _vector12
000001a0   _vector13
000001c0   _vector14
000001e0   _vector15
00000040   _vector2
00000060   _vector3
00000080   _vector4
000000a0   _vector5
000000c0   _vector6
000000e0   _vector7
00000100   _vector8
00000120   _vector9
00000000   _vectors
ffffffff   binit
00002b80   cinit
00000220   end
00002380   etext
ffffffff   pinit


GLOBAL SYMBOLS: SORTED BY Symbol Address 

address    name
--------   ----
00000000   _vectors
00000001   __TI_args_main
00000020   _vector1
00000040   _vector2
00000060   _vector3
00000080   _vector4
000000a0   _vector5
000000c0   _vector6
000000e0   _vector7
00000100   _vector8
00000120   _vector9
00000140   _vector10
00000180   _vector12
000001a0   _vector13
000001c0   _vector14
000001e0   _vector15
00000220   $bss
00000220   .bss
00000220   .text
00000220   ___bss__
00000220   ___end__
00000220   ___text__
00000220   _c_int11
00000220   end
00000800   __STACK_SIZE
0000098c   _DSK6713_init
00000ca8   _DSK6713_rget
00000cbc   _DSK6713_rset
00000cd0   _DSK6713_wait
00000d28   _DSK6713_waitusec
00000d54   _DSK6713_getVersion
00000dc0   _DSK6713_AIC23_openCodec
000010c0   _main
000013a0   _memcpy
000015e0   _IRQ_map
000017a0   _MCBSP_reset
00001940   _DSK6713_AIC23_rset
000019d8   _DSK6713_AIC23_rget
00001a00   _DSK6713_AIC23_config
00001a80   _MCBSP_open
00001b80   _MCBSP_start
00001c80   __auto_init
00001d80   __strasg
00001e60   _exit
00001f40   _copy_in
00002000   _DSK6713_AIC23_setFreq
00002160   ___TI_cpp_init
000021e0   _c_int00
00002260   _DSK6713_DIP_init
00002268   _DSK6713_DIP_get
000022e0   __args_main
00002340   C$$EXIT
00002340   _abort
00002360   __IRQ_hookFetchPacket
00002380   ___etext__
00002380   __stack
00002380   etext
00002b80   __STACK_END
00002b80   ___cinit__
00002b80   cinit
00002e24   __IRQ_eventTable
00002ea8   __IRQ_intTable
00002ee8   __IRQ_dispatchTable
00002ef0   _fs
00002ef4   _AIC23_data
00002ef8   _entrada
00002efc   _AIC_data
00002f08   _AIC23CfgData
00002f28   _config
00002f50   _hAIC23_handle
00002f84   __MCBSP_hDev0
00002f88   __MCBSP_hDev1
00002fd4   __cleanup_ptr
00002fd8   __dtors_ptr
00002fdc   ___TI_enable_exit_profile_output
00002fe0   _DSK6713_AIC23_codeccontrolhandle
00002fe4   _DSK6713_AIC23_codecdatahandle
00002fe8   _DSK6713_version
ffffffff   ___TI_pprof_out_hndl
ffffffff   ___TI_prof_data_size
ffffffff   ___TI_prof_data_start
ffffffff   ___binit__
ffffffff   ___c_args__
ffffffff   ___pinit__
ffffffff   binit
ffffffff   pinit

[86 symbols]
