******************************************************************************
               TMS320C6x Linker PC v7.4.24                     
******************************************************************************
>> Linked Mon Sep 03 17:03:05 2018

OUTPUT FILE NAME:   <DSP006_rutina_asm.out>
ENTRY POINT SYMBOL: "_c_int00"  address: 00007b60


MEMORY CONFIGURATION

         name            origin    length      used     unused   attr    fill
----------------------  --------  ---------  --------  --------  ----  --------
  IRAM                  00000000   00030000  0000974b  000268b5  RWIX
  L2RAM                 00030000   00010000  00000000  00010000  RWIX
  EMIFCE0               80000000   10000000  00000000  10000000  RWIX
  EMIFCE1               90000000   10000000  00000000  10000000  RWIX
  EMIFCE2               a0000000   10000000  00000000  10000000  RWIX
  EMIFCE3               b0000000   10000000  00000000  10000000  RWIX


SECTION ALLOCATION MAP

 output                                  attributes/
section   page    origin      length       input sections
--------  ----  ----------  ----------   ----------------
.bss       0    00000000    00000000     UNINITIALIZED

.data      0    00000000    00000000     UNINITIALIZED

.pinit     0    00000000    00000000     UNINITIALIZED

.text      0    00000000    00007f40     
                  00000000    00000720     rts6700.lib : divd.obj (.text:__divd)
                  00000720    000006c0                 : _printfi.obj (.text:__getarg_diouxp)
                  00000de0    00000640                 : _printfi.obj (.text:__setfield)
                  00001420    00000560                 : _printfi.obj (.text:__printfi)
                  00001980    000004c0                 : fputs.obj (.text:_fputs)
                  00001e40    00000420                 : _printfi.obj (.text:_fcvt)
                  00002260    00000400                 : _printfi.obj (.text:__pproc_fge)
                  00002660    00000400                 : _printfi.obj (.text:_ecvt)
                  00002a60    00000380                 : imath64.obj (.text:__divull)
                  00002de0    00000380                 : memory.obj (.text:_free)
                  00003160    00000360                 : _printfi.obj (.text:__pconv_e)
                  000034c0    00000360                 : _printfi.obj (.text:__pproc_fwp)
                  00003820    00000300                 : _printfi.obj (.text:__pproc_diouxp)
                  00003b20    000002c0                 : _printfi.obj (.text:__pproc_str)
                  00003de0    000002c0                 : setvbuf.obj (.text:_setvbuf)
                  000040a0    000002a0                 : fputc.obj (.text:_fputc)
                  00004340    00000260                 : imath40.obj (.text:__divul)
                  000045a0    00000240                 : _printfi.obj (.text:__mcpy)
                  000047e0    00000240                 : memory.obj (.text:_malloc)
                  00004a20    00000240                 : memcpy62.obj (.text:_memcpy)
                  00004c60    00000220                 : trgdrv.obj (.text:_HOSTrename)
                  00004e80    00000200                 : _printfi.obj (.text:__pconv_g)
                  00005080    000001e0                 : lowlev.obj (.text:_getdevice)
                  00005260    000001c0                 : fseek.obj (.text:_fseek)
                  00005420    000001a0                 : _printfi.obj (.text:__ltostr)
                  000055c0    000001a0                 : _printfi.obj (.text:__pproc_fflags)
                  00005760    00000160                 : trgdrv.obj (.text:_HOSTlseek)
                  000058c0    00000160                 : fclose.obj (.text:__closefile)
                  00005a20    00000140                 : trgdrv.obj (.text:_HOSTread)
                  00005b60    00000140                 : frcmpyd_div.obj (.text:__frcmpyd_div)
                  00005ca0    00000140                 : atoi.obj (.text:_atoi)
                  00005de0    00000140                 : ltoa.obj (.text:_ltoa)
                  00005f20    00000120                 : trgdrv.obj (.text:_HOSTopen)
                  00006040    00000120                 : trgdrv.obj (.text:_HOSTwrite)
                  00006160    00000120                 : _io_perm.obj (.text:__wrt_ok)
                  00006280    00000120                 : lowlev.obj (.text:_close)
                  000063a0    00000120                 : memset.obj (.text:_memset)
                  000064c0    00000100                 : trgdrv.obj (.text:_HOSTclose)
                  000065c0    00000100                 : trgdrv.obj (.text:_HOSTunlink)
                  000066c0    00000100                 : autoinit.obj (.text:__auto_init)
                  000067c0    00000100                 : _printfi.obj (.text:__div)
                  000068c0    00000100                 : imath40.obj (.text:__divli)
                  000069c0    00000100                 : _printfi.obj (.text:__pconv_f)
                  00006ac0    00000100                 : lowlev.obj (.text:_lseek)
                  00006bc0    00000100                 : printf.obj (.text:_printf)
                  00006cc0    00000100                 : lowlev.obj (.text:_write)
                  00006dc0    000000e0                 : fopen.obj (.text:__cleanup)
                  00006ea0    000000e0                 : fflush.obj (.text:__doflush)
                  00006f80    000000e0                 : _printfi.obj (.text:__ecpy)
                  00007060    000000e0                 : _printfi.obj (.text:__fcpy)
                  00007140    000000e0                 : exit.obj (.text:_exit)
                  00007220    000000e0                 : memory.obj (.text:_minsert)
                  00007300    000000e0                 : memory.obj (.text:_mremove)
                  000073e0    000000c0                 : divu.obj (.text:__divu)
                  000074a0    000000c0                 : cpy_tbl.obj (.text:_copy_in)
                  00007560    000000c0                 : lowlev.obj (.text:_finddevice)
                  00007620    000000a0                 : fixdli.obj (.text:__fixdli)
                  000076c0    000000a0                 : mpyll.obj (.text:__mpyll)
                  00007760    000000a0                 : imath40.obj (.text:__remli)
                  00007800    000000a0                 : trgmsg.obj (.text:_readmsg)
                  000078a0    000000a0                 : lowlev.obj (.text:_unlink)
                  00007940    000000a0                 : trgmsg.obj (.text:_writemsg)
                  000079e0    00000080                 : cpp_init.obj (.text:___TI_cpp_init)
                  00007a60    00000080                 : fltlid.obj (.text:__fltlid)
                  00007ae0    00000080                 : llshift.obj (.text:__llshl)
                  00007b60    00000080                 : boot.obj (.text:_c_int00)
                  00007be0    00000080                 : memccpy.obj (.text:_memccpy)
                  00007c60    00000060                 : isinf.obj (.text:___isinf)
                  00007cc0    00000060                 : llshift.obj (.text:__llshru)
                  00007d20    00000060                 : imath64.obj (.text:__subcull)
                  00007d80    00000060     main.obj (.text)
                  00007de0    00000040     rts6700.lib : _printfi.obj (.text:___isnan)
                  00007e20    00000040                 : args_main.obj (.text:__args_main)
                  00007e60    00000020                 : negll.obj (.text:__negll)
                  00007e80    00000020                 : _lock.obj (.text:__nop)
                  00007ea0    00000020                 : printf.obj (.text:__outc)
                  00007ec0    00000020                 : printf.obj (.text:__outs)
                  00007ee0    00000020                 : exit.obj (.text:_abort)
                  00007f00    00000020                 : remove.obj (.text:_remove)
                  00007f20    00000020     sumfunc.obj (.text)

.stack     0    00007f40    00000800     UNINITIALIZED
                  00007f40    00000008     rts6700.lib : boot.obj (.stack)
                  00007f48    000007f8     --HOLE--

.sysmem    0    00008740    00000800     UNINITIALIZED
                  00008740    00000008     rts6700.lib : memory.obj (.sysmem)
                  00008748    000007f8     --HOLE--

.far       0    00008f40    00000468     UNINITIALIZED
                  00008f40    00000324     rts6700.lib : defs.obj (.far)
                  00009264    0000011c                 : lowlev.obj (.far)
                  00009380    0000000c                 : exit.obj (.far)
                  0000938c    00000008                 : _lock.obj (.far)
                  00009394    00000008                 : memory.obj (.far)
                  0000939c    00000008                 : trgdrv.obj (.far)
                  000093a4    00000004                 : fopen.obj (.far)

.cinit     0    000093a8    00000154     
                  000093a8    0000005c     rts6700.lib : defs.obj (.cinit)
                  00009404    00000004     --HOLE-- [fill = 0]
                  00009408    0000005c                 : lowlev.obj (.cinit)
                  00009464    00000004     --HOLE-- [fill = 0]
                  00009468    0000002c                 : exit.obj (.cinit)
                  00009494    00000004     --HOLE-- [fill = 0]
                  00009498    0000002c                 : memory.obj (.cinit)
                  000094c4    00000004     --HOLE-- [fill = 0]
                  000094c8    0000001c                 : _lock.obj (.cinit)
                  000094e4    00000004     --HOLE-- [fill = 0]
                  000094e8    0000000c                 : fopen.obj (.cinit)
                  000094f4    00000004     --HOLE-- [fill = 0]
                  000094f8    00000004     (.pad.cinit) [fill = 0]

.const     0    000094fc    0000012f     
                  000094fc    00000101     rts6700.lib : ctype.obj (.const:.string:__ctypes_)
                  000095fd    00000023                 : _printfi.obj (.const:.string)
                  00009620    00000009     main.obj (.const:.string)
                  00009629    00000002     rts6700.lib : fputs.obj (.const:.string)

.cio       0    0000962c    00000120     UNINITIALIZED
                  0000962c    00000120     rts6700.lib : trgmsg.obj (.cio)


GLOBAL SYMBOLS: SORTED ALPHABETICALLY BY Name 

address    name
--------   ----
00000000   $bss
00000000   .bss
00000000   .data
00000000   .text
00007ee0   C$$EXIT
000079b8   C$$IO$$
000064c0   _HOSTclose
00005760   _HOSTlseek
00005f20   _HOSTopen
00005a20   _HOSTread
00004c60   _HOSTrename
000065c0   _HOSTunlink
00006040   _HOSTwrite
0000962c   __CIOBUF_
00008740   __STACK_END
00000800   __STACK_SIZE
00000800   __SYSMEM_SIZE
00000001   __TI_args_main
000079e0   ___TI_cpp_init
00009388   ___TI_enable_exit_profile_output
ffffffff   ___TI_pprof_out_hndl
ffffffff   ___TI_prof_data_size
ffffffff   ___TI_prof_data_start
ffffffff   ___binit__
00000000   ___bss__
ffffffff   ___c_args__
000093a8   ___cinit__
00000000   ___data__
00000000   ___edata__
00000000   ___end__
00007f40   ___etext__
00007c60   ___isinf
ffffffff   ___pinit__
00000000   ___text__
00007e20   __args_main
000066c0   __auto_init
000073e0   __c6xabi_divu
00006dc0   __cleanup
00009380   __cleanup_ptr
000058c0   __closefile
000094fc   __ctypes_
00000000   __divd
000068c0   __divli
000073e0   __divu
00004340   __divul
00002a60   __divull
00006ea0   __doflush
00009384   __dtors_ptr
00007620   __fixdli
00007a60   __fltlid
00005b60   __frcmpyd_div
00009260   __ft_end
00008f40   __ftable
00007ae0   __llshl
00007cc0   __llshru
0000938c   __lock
000076c0   __mpyll
00007e60   __negll
00007e80   __nop
00001420   __printfi
00007760   __remli
00007f40   __stack
00007d20   __subcull
00008740   __sys_memory
00009120   __tmpnams
00009390   __unlock
00006160   __wrt_ok
00007ee0   _abort
00005ca0   _atoi
00007b60   _c_int00
00006280   _close
000074a0   _copy_in
00007140   _exit
000040a0   _fputc
00001980   _fputs
00002de0   _free
00005260   _fseek
00006ac0   _lseek
00005de0   _ltoa
00007d80   _main
000047e0   _malloc
00007be0   _memccpy
00004a20   _memcpy
000063a0   _memset
00006bc0   _printf
000040a0   _putc
00007800   _readmsg
00007f00   _remove
00003de0   _setvbuf
00007f20   _sumfunc
000078a0   _unlink
00006cc0   _write
00007940   _writemsg
ffffffff   binit
000093a8   cinit
00000000   edata
00000000   end
00007f40   etext
ffffffff   pinit


GLOBAL SYMBOLS: SORTED BY Symbol Address 

address    name
--------   ----
00000000   $bss
00000000   .bss
00000000   .data
00000000   .text
00000000   ___bss__
00000000   ___data__
00000000   ___edata__
00000000   ___end__
00000000   ___text__
00000000   __divd
00000000   edata
00000000   end
00000001   __TI_args_main
00000800   __STACK_SIZE
00000800   __SYSMEM_SIZE
00001420   __printfi
00001980   _fputs
00002a60   __divull
00002de0   _free
00003de0   _setvbuf
000040a0   _fputc
000040a0   _putc
00004340   __divul
000047e0   _malloc
00004a20   _memcpy
00004c60   _HOSTrename
00005260   _fseek
00005760   _HOSTlseek
000058c0   __closefile
00005a20   _HOSTread
00005b60   __frcmpyd_div
00005ca0   _atoi
00005de0   _ltoa
00005f20   _HOSTopen
00006040   _HOSTwrite
00006160   __wrt_ok
00006280   _close
000063a0   _memset
000064c0   _HOSTclose
000065c0   _HOSTunlink
000066c0   __auto_init
000068c0   __divli
00006ac0   _lseek
00006bc0   _printf
00006cc0   _write
00006dc0   __cleanup
00006ea0   __doflush
00007140   _exit
000073e0   __c6xabi_divu
000073e0   __divu
000074a0   _copy_in
00007620   __fixdli
000076c0   __mpyll
00007760   __remli
00007800   _readmsg
000078a0   _unlink
00007940   _writemsg
000079b8   C$$IO$$
000079e0   ___TI_cpp_init
00007a60   __fltlid
00007ae0   __llshl
00007b60   _c_int00
00007be0   _memccpy
00007c60   ___isinf
00007cc0   __llshru
00007d20   __subcull
00007d80   _main
00007e20   __args_main
00007e60   __negll
00007e80   __nop
00007ee0   C$$EXIT
00007ee0   _abort
00007f00   _remove
00007f20   _sumfunc
00007f40   ___etext__
00007f40   __stack
00007f40   etext
00008740   __STACK_END
00008740   __sys_memory
00008f40   __ftable
00009120   __tmpnams
00009260   __ft_end
00009380   __cleanup_ptr
00009384   __dtors_ptr
00009388   ___TI_enable_exit_profile_output
0000938c   __lock
00009390   __unlock
000093a8   ___cinit__
000093a8   cinit
000094fc   __ctypes_
0000962c   __CIOBUF_
ffffffff   ___TI_pprof_out_hndl
ffffffff   ___TI_prof_data_size
ffffffff   ___TI_prof_data_start
ffffffff   ___binit__
ffffffff   ___c_args__
ffffffff   ___pinit__
ffffffff   binit
ffffffff   pinit

[99 symbols]
