******************************************************************************
               TMS320C6x Linker PC v7.4.24                     
******************************************************************************
>> Linked Tue Aug 14 17:26:49 2018

OUTPUT FILE NAME:   <DSP0001_codec_efectos.out>
ENTRY POINT SYMBOL: "_c_int00"  address: 00011280


MEMORY CONFIGURATION

         name            origin    length      used     unused   attr    fill
----------------------  --------  ---------  --------  --------  ----  --------
  IVECS                 00000000   00000220  00000200  00000020  RWIX
  IRAM                  00000220   0002fde0  00011efe  0001dee2  RWIX
  SDRAM                 80000000   00100000  00000000  00100000  RWIX
  FLASH                 90000000   00020000  00000000  00020000  RWIX


SECTION ALLOCATION MAP

 output                                  attributes/
section   page    origin      length       input sections
--------  ----  ----------  ----------   ----------------
.vecs      0    00000000    00000200     
                  00000000    00000200     Vectors_intr.obj (.vecs)

.bss       0    00000220    00000000     UNINITIALIZED

.far       0    00000220    0000ec62     UNINITIALIZED
                  00000220    0000ea80     main.obj (.far)
                  0000eca0    000000f4     csl6713.lib : csl_irq.obj (.far)
                  0000ed94    00000058     c6713dskinit.obj (.far)
                  0000edec    00000038     csl6713.lib : csl_mcbsp.obj (.far)
                  0000ee24    00000028     dsk6713bsl.lib : dsk6713_aic23_registers.obj (.far)
                  0000ee4c    00000020                    : dsk6713_aic23_setfreq.obj (.far)
                  0000ee6c    0000000c     rts6700.lib : exit.obj (.far)
                  0000ee78    00000008     dsk6713bsl.lib : dsk6713_aic23_opencodec.obj (.far)
                  0000ee80    00000002                    : dsk6713.obj (.far)

.text      0    0000eea0    00002740     
                  0000eea0    000007a0     c6713dskinit.obj (.text)
                  0000f640    000005e0     main.obj (.text:retain)
                  0000fc20    00000480     dsk6713bsl.lib : dsk6713.obj (.text)
                  000100a0    00000300                    : dsk6713_aic23_opencodec.obj (.text)
                  000103a0    00000240     rts6700.lib : memcpy62.obj (.text:_memcpy)
                  000105e0    000001c0     csl6713.lib : csl_irq.obj (.text:_IRQ_map)
                  000107a0    000001a0                 : csl_mcbsp.obj (.text:_MCBSP_reset)
                  00010940    00000140     dsk6713bsl.lib : dsk6713_aic23_registers.obj (.text)
                  00010a80    00000100     csl6713.lib : csl_mcbsp.obj (.text:_MCBSP_open)
                  00010b80    00000100                 : csl_mcbsp.obj (.text:_MCBSP_start)
                  00010c80    00000100     rts6700.lib : autoinit.obj (.text:__auto_init)
                  00010d80    000000e0                 : strasg.obj (.text:__strasg)
                  00010e60    000000e0                 : exit.obj (.text:_exit)
                  00010f40    000000c0                 : cpy_tbl.obj (.text:_copy_in)
                  00011000    000000c0     dsk6713bsl.lib : dsk6713_aic23_setfreq.obj (.text)
                  000110c0    000000a0     csl6713.lib : csl_mcbsp.obj (.text:_MCBSP_config)
                  00011160    000000a0                 : csl_irq.obj (.text:_setMux)
                  00011200    00000080     rts6700.lib : cpp_init.obj (.text:___TI_cpp_init)
                  00011280    00000080                 : boot.obj (.text:_c_int00)
                  00011300    00000080     dsk6713bsl.lib : dsk6713_dip.obj (.text)
                  00011380    00000040     csl6713.lib : csl_irq.obj (.text:_IRQ_enable)
                  000113c0    00000040                 : csl_irq.obj (.text:_IRQ_reset)
                  00011400    00000040     rts6700.lib : args_main.obj (.text:__args_main)
                  00011440    00000040     main.obj (.text)
                  00011480    00000020     Vectors_intr.obj (.text)
                  000114a0    00000020     csl6713.lib : csl_irq.obj (.text:_IRQ_globalDisable)
                  000114c0    00000020                 : csl_irq.obj (.text:_IRQ_globalEnable)
                  000114e0    00000020                 : csl_irq.obj (.text:_IRQ_nmiEnable)
                  00011500    00000020                 : csl_mcbsp.obj (.text:_MCBSP_getXmtEventId)
                  00011520    00000020                 : csl_mcbsp.obj (.text:_MCBSP_read)
                  00011540    00000020                 : csl_mcbsp.obj (.text:_MCBSP_rrdy)
                  00011560    00000020                 : csl_mcbsp.obj (.text:_MCBSP_write)
                  00011580    00000020                 : csl_mcbsp.obj (.text:_MCBSP_xrdy)
                  000115a0    00000020     rts6700.lib : exit.obj (.text:_abort)
                  000115c0    00000020     csl6713.lib : csl_irq.obj (.text)

.stack     0    000115e0    00000800     UNINITIALIZED
                  000115e0    00000008     rts6700.lib : boot.obj (.stack)
                  000115e8    000007f8     --HOLE--

.cinit     0    00011de0    000002fc     
                  00011de0    0000012c     csl6713.lib : csl_irq.obj (.cinit)
                  00011f0c    00000004     --HOLE-- [fill = 0]
                  00011f10    0000008c     main.obj (.cinit)
                  00011f9c    00000004     --HOLE-- [fill = 0]
                  00011fa0    00000058     c6713dskinit.obj (.cinit)
                  00011ff8    00000054     csl6713.lib : csl_mcbsp.obj (.cinit)
                  0001204c    00000004     --HOLE-- [fill = 0]
                  00012050    00000030     dsk6713bsl.lib : dsk6713_aic23_registers.obj (.cinit)
                  00012080    0000002c     rts6700.lib : exit.obj (.cinit)
                  000120ac    00000004     --HOLE-- [fill = 0]
                  000120b0    00000028     dsk6713bsl.lib : dsk6713_aic23_setfreq.obj (.cinit)
                  000120d8    00000004     --HOLE-- [fill = 0]

.const     0    000120dc    00000060     
                  000120dc    00000040     dsk6713bsl.lib : dsk6713_aic23_opencodec.obj (.const)
                  0001211c    00000020                    : dsk6713.obj (.const)


GLOBAL SYMBOLS: SORTED ALPHABETICALLY BY Name 

address    name
--------   ----
00000220   $bss
00000220   .bss
0000eea0   .text
000115a0   C$$EXIT
0000eda0   _AIC23CfgData
0000ed94   _AIC_data
0000ee78   _DSK6713_AIC23_codeccontrolhandle
0000ee7c   _DSK6713_AIC23_codecdatahandle
00010a00   _DSK6713_AIC23_config
000100a0   _DSK6713_AIC23_openCodec
000109d8   _DSK6713_AIC23_rget
00010940   _DSK6713_AIC23_rset
00011000   _DSK6713_AIC23_setFreq
00011308   _DSK6713_DIP_get
00011300   _DSK6713_DIP_init
00010034   _DSK6713_getVersion
0000fc6c   _DSK6713_init
0000ff88   _DSK6713_rget
0000ff9c   _DSK6713_rset
0000ee80   _DSK6713_version
0000ffb0   _DSK6713_wait
00010008   _DSK6713_waitusec
00011380   _IRQ_enable
000114a0   _IRQ_globalDisable
000114c0   _IRQ_globalEnable
000105e0   _IRQ_map
000114e0   _IRQ_nmiEnable
000113c0   _IRQ_reset
0000ec8c   _K
0000ec8e   _L
000110c0   _MCBSP_config
00011500   _MCBSP_getXmtEventId
00010a80   _MCBSP_open
00011520   _MCBSP_read
000107a0   _MCBSP_reset
00011540   _MCBSP_rrdy
00010b80   _MCBSP_start
00011560   _MCBSP_write
00011580   _MCBSP_xrdy
0000ed8c   __IRQ_dispatchTable
0000ecc8   __IRQ_eventTable
000115c0   __IRQ_hookFetchPacket
0000ed4c   __IRQ_intTable
0000ee1c   __MCBSP_hDev0
0000ee20   __MCBSP_hDev1
00011de0   __STACK_END
00000800   __STACK_SIZE
00000001   __TI_args_main
00011200   ___TI_cpp_init
0000ee74   ___TI_enable_exit_profile_output
ffffffff   ___TI_pprof_out_hndl
ffffffff   ___TI_prof_data_size
ffffffff   ___TI_prof_data_start
ffffffff   ___binit__
00000220   ___bss__
ffffffff   ___c_args__
00011de0   ___cinit__
00000220   ___end__
000115e0   ___etext__
ffffffff   ___pinit__
0000eea0   ___text__
00011400   __args_main
00010c80   __auto_init
0000ee6c   __cleanup_ptr
0000ee70   __dtors_ptr
000115e0   __stack
00010d80   __strasg
000115a0   _abort
0000ec90   _amplitud
0000ec94   _amplitud2
0000ec98   _amplitud3
0000ec9c   _amplitud4
00000228   _buffer
00001998   _buffer2
00004878   _buffer3
00008ec8   _buffer4
0000eea0   _c6713_dsk_init
00011280   _c_int00
0000f640   _c_int11
0000ef98   _comm_intr
0000ef64   _comm_poll
0000edc0   _config
00010f40   _copy_in
00000224   _entrada
00010e60   _exit
00000220   _fs
0000ede8   _hAIC23_handle
0000ec88   _i
0000f4a0   _input_left_sample
0000f568   _input_right_sample
0000f39c   _input_sample
0000ec8a   _j
00011440   _main
000103a0   _memcpy
0000f1dc   _output_left_sample
0000f2bc   _output_right_sample
0000f0c4   _output_sample
00000226   _salida
00000020   _vector1
00000140   _vector10
00000180   _vector12
000001a0   _vector13
000001c0   _vector14
000001e0   _vector15
00000040   _vector2
00000060   _vector3
00000080   _vector4
000000a0   _vector5
000000c0   _vector6
000000e0   _vector7
00000100   _vector8
00000120   _vector9
00000000   _vectors
ffffffff   binit
00011de0   cinit
00000220   end
000115e0   etext
ffffffff   pinit


GLOBAL SYMBOLS: SORTED BY Symbol Address 

address    name
--------   ----
00000000   _vectors
00000001   __TI_args_main
00000020   _vector1
00000040   _vector2
00000060   _vector3
00000080   _vector4
000000a0   _vector5
000000c0   _vector6
000000e0   _vector7
00000100   _vector8
00000120   _vector9
00000140   _vector10
00000180   _vector12
000001a0   _vector13
000001c0   _vector14
000001e0   _vector15
00000220   $bss
00000220   .bss
00000220   ___bss__
00000220   ___end__
00000220   _fs
00000220   end
00000224   _entrada
00000226   _salida
00000228   _buffer
00000800   __STACK_SIZE
00001998   _buffer2
00004878   _buffer3
00008ec8   _buffer4
0000ec88   _i
0000ec8a   _j
0000ec8c   _K
0000ec8e   _L
0000ec90   _amplitud
0000ec94   _amplitud2
0000ec98   _amplitud3
0000ec9c   _amplitud4
0000ecc8   __IRQ_eventTable
0000ed4c   __IRQ_intTable
0000ed8c   __IRQ_dispatchTable
0000ed94   _AIC_data
0000eda0   _AIC23CfgData
0000edc0   _config
0000ede8   _hAIC23_handle
0000ee1c   __MCBSP_hDev0
0000ee20   __MCBSP_hDev1
0000ee6c   __cleanup_ptr
0000ee70   __dtors_ptr
0000ee74   ___TI_enable_exit_profile_output
0000ee78   _DSK6713_AIC23_codeccontrolhandle
0000ee7c   _DSK6713_AIC23_codecdatahandle
0000ee80   _DSK6713_version
0000eea0   .text
0000eea0   ___text__
0000eea0   _c6713_dsk_init
0000ef64   _comm_poll
0000ef98   _comm_intr
0000f0c4   _output_sample
0000f1dc   _output_left_sample
0000f2bc   _output_right_sample
0000f39c   _input_sample
0000f4a0   _input_left_sample
0000f568   _input_right_sample
0000f640   _c_int11
0000fc6c   _DSK6713_init
0000ff88   _DSK6713_rget
0000ff9c   _DSK6713_rset
0000ffb0   _DSK6713_wait
00010008   _DSK6713_waitusec
00010034   _DSK6713_getVersion
000100a0   _DSK6713_AIC23_openCodec
000103a0   _memcpy
000105e0   _IRQ_map
000107a0   _MCBSP_reset
00010940   _DSK6713_AIC23_rset
000109d8   _DSK6713_AIC23_rget
00010a00   _DSK6713_AIC23_config
00010a80   _MCBSP_open
00010b80   _MCBSP_start
00010c80   __auto_init
00010d80   __strasg
00010e60   _exit
00010f40   _copy_in
00011000   _DSK6713_AIC23_setFreq
000110c0   _MCBSP_config
00011200   ___TI_cpp_init
00011280   _c_int00
00011300   _DSK6713_DIP_init
00011308   _DSK6713_DIP_get
00011380   _IRQ_enable
000113c0   _IRQ_reset
00011400   __args_main
00011440   _main
000114a0   _IRQ_globalDisable
000114c0   _IRQ_globalEnable
000114e0   _IRQ_nmiEnable
00011500   _MCBSP_getXmtEventId
00011520   _MCBSP_read
00011540   _MCBSP_rrdy
00011560   _MCBSP_write
00011580   _MCBSP_xrdy
000115a0   C$$EXIT
000115a0   _abort
000115c0   __IRQ_hookFetchPacket
000115e0   ___etext__
000115e0   __stack
000115e0   etext
00011de0   __STACK_END
00011de0   ___cinit__
00011de0   cinit
ffffffff   ___TI_pprof_out_hndl
ffffffff   ___TI_prof_data_size
ffffffff   ___TI_prof_data_start
ffffffff   ___binit__
ffffffff   ___c_args__
ffffffff   ___pinit__
ffffffff   binit
ffffffff   pinit

[118 symbols]
