******************************************************************************
               TMS320C6x Linker PC v7.4.24                     
******************************************************************************
>> Linked Fri Aug 31 16:53:33 2018

OUTPUT FILE NAME:   <DSP005_codec_melod.out>
ENTRY POINT SYMBOL: "_c_int00"  address: 00002120


MEMORY CONFIGURATION

         name            origin    length      used     unused   attr    fill
----------------------  --------  ---------  --------  --------  ----  --------
  IVECS                 00000000   00000220  00000000  00000220  RWIX
  IRAM                  00000220   0002fde0  000036b2  0002c72e  RWIX
  SDRAM                 80000000   00100000  00000000  00100000  RWIX
  FLASH                 90000000   00020000  00000000  00020000  RWIX


SECTION ALLOCATION MAP

 output                                  attributes/
section   page    origin      length       input sections
--------  ----  ----------  ----------   ----------------
.bss       0    00000220    00000000     UNINITIALIZED

.text      0    00000220    00002140     
                  00000220    00000480     dsk6713bsl.lib : dsk6713.obj (.text)
                  000006a0    00000400     main.obj (.text)
                  00000aa0    00000300     rts6700.lib : divf.obj (.text:__divf)
                  00000da0    00000300     dsk6713bsl.lib : dsk6713_aic23_opencodec.obj (.text)
                  000010a0    000002e0     rts6700.lib : sin.obj (.text:_sin)
                  00001380    00000240                 : memcpy62.obj (.text:_memcpy)
                  000015c0    000001a0     csl6713.lib : csl_mcbsp.obj (.text:_MCBSP_reset)
                  00001760    00000140     dsk6713bsl.lib : dsk6713_aic23_registers.obj (.text)
                  000018a0    00000100     csl6713.lib : csl_mcbsp.obj (.text:_MCBSP_open)
                  000019a0    00000100                 : csl_mcbsp.obj (.text:_MCBSP_start)
                  00001aa0    00000100     rts6700.lib : autoinit.obj (.text:__auto_init)
                  00001ba0    000000e0                 : round.obj (.text:__nround)
                  00001c80    000000e0                 : strasg.obj (.text:__strasg)
                  00001d60    000000e0                 : exit.obj (.text:_exit)
                  00001e40    000000e0                 : modf.obj (.text:_modf)
                  00001f20    000000c0                 : cpy_tbl.obj (.text:_copy_in)
                  00001fe0    000000c0     dsk6713bsl.lib : dsk6713_aic23_setfreq.obj (.text)
                  000020a0    00000080     rts6700.lib : cpp_init.obj (.text:___TI_cpp_init)
                  00002120    00000080                 : boot.obj (.text:_c_int00)
                  000021a0    00000080     dsk6713bsl.lib : dsk6713_aic23_write.obj (.text)
                  00002220    00000080                    : dsk6713_dip.obj (.text)
                  000022a0    00000040     rts6700.lib : args_main.obj (.text:__args_main)
                  000022e0    00000040                 : trunc.obj (.text:__trunc)
                  00002320    00000020                 : exit.obj (.text:_abort)
                  00002340    00000020     csl6713.lib : csl_irq.obj (.text)

.stack     0    00002360    00000800     UNINITIALIZED
                  00002360    00000008     rts6700.lib : boot.obj (.stack)
                  00002368    000007f8     --HOLE--

.cinit     0    00002b60    000006e4     
                  00002b60    00000488     main.obj (.cinit)
                  00002fe8    0000012c     csl6713.lib : csl_irq.obj (.cinit)
                  00003114    00000004     --HOLE-- [fill = 0]
                  00003118    00000054                 : csl_mcbsp.obj (.cinit)
                  0000316c    00000004     --HOLE-- [fill = 0]
                  00003170    00000048     rts6700.lib : sin.obj (.cinit)
                  000031b8    00000030     dsk6713bsl.lib : dsk6713_aic23_registers.obj (.cinit)
                  000031e8    0000002c     rts6700.lib : exit.obj (.cinit)
                  00003214    00000004     --HOLE-- [fill = 0]
                  00003218    00000028     dsk6713bsl.lib : dsk6713_aic23_setfreq.obj (.cinit)
                  00003240    00000004     --HOLE-- [fill = 0]

.far       0    00003248    0000062e     UNINITIALIZED
                  00003248    00000464     main.obj (.far)
                  000036ac    000000f4     csl6713.lib : csl_irq.obj (.far)
                  000037a0    00000040     rts6700.lib : sin.obj (.far)
                  000037e0    00000038     csl6713.lib : csl_mcbsp.obj (.far)
                  00003818    00000028     dsk6713bsl.lib : dsk6713_aic23_registers.obj (.far)
                  00003840    00000020                    : dsk6713_aic23_setfreq.obj (.far)
                  00003860    0000000c     rts6700.lib : exit.obj (.far)
                  0000386c    00000008     dsk6713bsl.lib : dsk6713_aic23_opencodec.obj (.far)
                  00003874    00000002                    : dsk6713.obj (.far)

.const     0    00003878    00000060     
                  00003878    00000040     dsk6713bsl.lib : dsk6713_aic23_opencodec.obj (.const)
                  000038b8    00000020                    : dsk6713.obj (.const)


GLOBAL SYMBOLS: SORTED ALPHABETICALLY BY Name 

address    name
--------   ----
00000220   $bss
00000220   .bss
00000220   .text
00002320   C$$EXIT
0000386c   _DSK6713_AIC23_codeccontrolhandle
00003870   _DSK6713_AIC23_codecdatahandle
00001820   _DSK6713_AIC23_config
00000da0   _DSK6713_AIC23_openCodec
000017f8   _DSK6713_AIC23_rget
00001760   _DSK6713_AIC23_rset
00001fe0   _DSK6713_AIC23_setFreq
000021a0   _DSK6713_AIC23_write
00002228   _DSK6713_DIP_get
00002220   _DSK6713_DIP_init
00000634   _DSK6713_getVersion
0000026c   _DSK6713_init
00000588   _DSK6713_rget
0000059c   _DSK6713_rset
00003874   _DSK6713_version
000005b0   _DSK6713_wait
00000608   _DSK6713_waitusec
000018a0   _MCBSP_open
000015c0   _MCBSP_reset
000019a0   _MCBSP_start
00003798   __IRQ_dispatchTable
000036d4   __IRQ_eventTable
00002340   __IRQ_hookFetchPacket
00003758   __IRQ_intTable
00003810   __MCBSP_hDev0
00003814   __MCBSP_hDev1
00002b60   __STACK_END
00000800   __STACK_SIZE
00000001   __TI_args_main
000020a0   ___TI_cpp_init
00003868   ___TI_enable_exit_profile_output
ffffffff   ___TI_pprof_out_hndl
ffffffff   ___TI_prof_data_size
ffffffff   ___TI_prof_data_start
ffffffff   ___binit__
00000220   ___bss__
ffffffff   ___c_args__
00002b60   ___cinit__
00000220   ___end__
00002360   ___etext__
ffffffff   ___pinit__
00000220   ___text__
000022a0   __args_main
00001aa0   __auto_init
00003860   __cleanup_ptr
00000aa0   __divf
00003864   __dtors_ptr
00001ba0   __nround
00002360   __stack
00001c80   __strasg
000022e0   __trunc
00002320   _abort
00002120   _c_int00
00003684   _config1
00001f20   _copy_in
00001d60   _exit
00003248   _fs
000006a0   _main
00001380   _memcpy
00001e40   _modf
0000324c   _partitura
00003404   _partitura2
000010a0   _sin
ffffffff   binit
00002b60   cinit
00000220   end
00002360   etext
ffffffff   pinit


GLOBAL SYMBOLS: SORTED BY Symbol Address 

address    name
--------   ----
00000001   __TI_args_main
00000220   $bss
00000220   .bss
00000220   .text
00000220   ___bss__
00000220   ___end__
00000220   ___text__
00000220   end
0000026c   _DSK6713_init
00000588   _DSK6713_rget
0000059c   _DSK6713_rset
000005b0   _DSK6713_wait
00000608   _DSK6713_waitusec
00000634   _DSK6713_getVersion
000006a0   _main
00000800   __STACK_SIZE
00000aa0   __divf
00000da0   _DSK6713_AIC23_openCodec
000010a0   _sin
00001380   _memcpy
000015c0   _MCBSP_reset
00001760   _DSK6713_AIC23_rset
000017f8   _DSK6713_AIC23_rget
00001820   _DSK6713_AIC23_config
000018a0   _MCBSP_open
000019a0   _MCBSP_start
00001aa0   __auto_init
00001ba0   __nround
00001c80   __strasg
00001d60   _exit
00001e40   _modf
00001f20   _copy_in
00001fe0   _DSK6713_AIC23_setFreq
000020a0   ___TI_cpp_init
00002120   _c_int00
000021a0   _DSK6713_AIC23_write
00002220   _DSK6713_DIP_init
00002228   _DSK6713_DIP_get
000022a0   __args_main
000022e0   __trunc
00002320   C$$EXIT
00002320   _abort
00002340   __IRQ_hookFetchPacket
00002360   ___etext__
00002360   __stack
00002360   etext
00002b60   __STACK_END
00002b60   ___cinit__
00002b60   cinit
00003248   _fs
0000324c   _partitura
00003404   _partitura2
00003684   _config1
000036d4   __IRQ_eventTable
00003758   __IRQ_intTable
00003798   __IRQ_dispatchTable
00003810   __MCBSP_hDev0
00003814   __MCBSP_hDev1
00003860   __cleanup_ptr
00003864   __dtors_ptr
00003868   ___TI_enable_exit_profile_output
0000386c   _DSK6713_AIC23_codeccontrolhandle
00003870   _DSK6713_AIC23_codecdatahandle
00003874   _DSK6713_version
ffffffff   ___TI_pprof_out_hndl
ffffffff   ___TI_prof_data_size
ffffffff   ___TI_prof_data_start
ffffffff   ___binit__
ffffffff   ___c_args__
ffffffff   ___pinit__
ffffffff   binit
ffffffff   pinit

[72 symbols]
