******************************************************************************
               TMS320C6x Linker PC v7.4.24                     
******************************************************************************
>> Linked Fri Sep 28 17:19:19 2018

OUTPUT FILE NAME:   <DSP007_FIR.out>
ENTRY POINT SYMBOL: "_c_int00"  address: 00002100


MEMORY CONFIGURATION

         name            origin    length      used     unused   attr    fill
----------------------  --------  ---------  --------  --------  ----  --------
  IVECS                 00000000   00000220  00000200  00000020  RWIX
  IRAM                  00000220   0002fde0  0000321e  0002cbc2  RWIX
  SDRAM                 80000000   00100000  00000000  00100000  RWIX
  FLASH                 90000000   00020000  00000000  00020000  RWIX


SECTION ALLOCATION MAP

 output                                  attributes/
section   page    origin      length       input sections
--------  ----  ----------  ----------   ----------------
.vecs      0    00000000    00000200     
                  00000000    00000200     Vectors_poll.obj (.vecs)

.bss       0    00000220    00000000     UNINITIALIZED

.text      0    00000220    00002080     
                  00000220    000005e0     c6713dskinit.obj (.text)
                  00000800    00000480     dsk6713bsl.lib : dsk6713.obj (.text)
                  00000c80    00000340     main.obj (.text)
                  00000fc0    00000300     dsk6713bsl.lib : dsk6713_aic23_opencodec.obj (.text)
                  000012c0    00000240     rts6700.lib : memcpy62.obj (.text:_memcpy)
                  00001500    000001c0     csl6713.lib : csl_irq.obj (.text:_IRQ_map)
                  000016c0    000001a0                 : csl_mcbsp.obj (.text:_MCBSP_reset)
                  00001860    00000140     dsk6713bsl.lib : dsk6713_aic23_registers.obj (.text)
                  000019a0    00000100     csl6713.lib : csl_mcbsp.obj (.text:_MCBSP_open)
                  00001aa0    00000100                 : csl_mcbsp.obj (.text:_MCBSP_start)
                  00001ba0    00000100     rts6700.lib : autoinit.obj (.text:__auto_init)
                  00001ca0    000000e0                 : strasg.obj (.text:__strasg)
                  00001d80    000000e0                 : exit.obj (.text:_exit)
                  00001e60    000000c0                 : cpy_tbl.obj (.text:_copy_in)
                  00001f20    000000c0     dsk6713bsl.lib : dsk6713_aic23_setfreq.obj (.text)
                  00001fe0    000000a0     csl6713.lib : csl_irq.obj (.text:_setMux)
                  00002080    00000080     rts6700.lib : cpp_init.obj (.text:___TI_cpp_init)
                  00002100    00000080                 : boot.obj (.text:_c_int00)
                  00002180    00000080     dsk6713bsl.lib : dsk6713_dip.obj (.text)
                  00002200    00000040     rts6700.lib : args_main.obj (.text:__args_main)
                  00002240    00000020     Vectors_poll.obj (.text)
                  00002260    00000020     rts6700.lib : exit.obj (.text:_abort)
                  00002280    00000020     csl6713.lib : csl_irq.obj (.text)

.stack     0    000022a0    00000800     UNINITIALIZED
                  000022a0    00000008     rts6700.lib : boot.obj (.stack)
                  000022a8    000007f8     --HOLE--

.far       0    00002aa0    0000051a     UNINITIALIZED
                  00002aa0    00000338     main.obj (.far)
                  00002dd8    000000f4     csl6713.lib : csl_irq.obj (.far)
                  00002ecc    00000058     c6713dskinit.obj (.far)
                  00002f24    00000038     csl6713.lib : csl_mcbsp.obj (.far)
                  00002f5c    00000028     dsk6713bsl.lib : dsk6713_aic23_registers.obj (.far)
                  00002f84    00000020                    : dsk6713_aic23_setfreq.obj (.far)
                  00002fa4    0000000c     rts6700.lib : exit.obj (.far)
                  00002fb0    00000008     dsk6713bsl.lib : dsk6713_aic23_opencodec.obj (.far)
                  00002fb8    00000002                    : dsk6713.obj (.far)

.cinit     0    00002fc0    00000424     
                  00002fc0    000001b4     main.obj (.cinit)
                  00003174    00000004     --HOLE-- [fill = 0]
                  00003178    0000012c     csl6713.lib : csl_irq.obj (.cinit)
                  000032a4    00000004     --HOLE-- [fill = 0]
                  000032a8    00000058     c6713dskinit.obj (.cinit)
                  00003300    00000054     csl6713.lib : csl_mcbsp.obj (.cinit)
                  00003354    00000004     --HOLE-- [fill = 0]
                  00003358    00000030     dsk6713bsl.lib : dsk6713_aic23_registers.obj (.cinit)
                  00003388    0000002c     rts6700.lib : exit.obj (.cinit)
                  000033b4    00000004     --HOLE-- [fill = 0]
                  000033b8    00000028     dsk6713bsl.lib : dsk6713_aic23_setfreq.obj (.cinit)
                  000033e0    00000004     --HOLE-- [fill = 0]

.const     0    000033e4    00000060     
                  000033e4    00000040     dsk6713bsl.lib : dsk6713_aic23_opencodec.obj (.const)
                  00003424    00000020                    : dsk6713.obj (.const)


GLOBAL SYMBOLS: SORTED ALPHABETICALLY BY Name 

address    name
--------   ----
00000220   $bss
00000220   .bss
00000220   .text
00002260   C$$EXIT
00002ed8   _AIC23CfgData
00002ecc   _AIC_data
00002fb0   _DSK6713_AIC23_codeccontrolhandle
00002fb4   _DSK6713_AIC23_codecdatahandle
00001920   _DSK6713_AIC23_config
00000fc0   _DSK6713_AIC23_openCodec
000018f8   _DSK6713_AIC23_rget
00001860   _DSK6713_AIC23_rset
00001f20   _DSK6713_AIC23_setFreq
00002188   _DSK6713_DIP_get
00002180   _DSK6713_DIP_init
00000c14   _DSK6713_getVersion
0000084c   _DSK6713_init
00000b68   _DSK6713_rget
00000b7c   _DSK6713_rset
00002fb8   _DSK6713_version
00000b90   _DSK6713_wait
00000be8   _DSK6713_waitusec
00001500   _IRQ_map
000019a0   _MCBSP_open
000016c0   _MCBSP_reset
00001aa0   _MCBSP_start
00002ec4   __IRQ_dispatchTable
00002e00   __IRQ_eventTable
00002280   __IRQ_hookFetchPacket
00002e84   __IRQ_intTable
00002f54   __MCBSP_hDev0
00002f58   __MCBSP_hDev1
00002aa0   __STACK_END
00000800   __STACK_SIZE
00000001   __TI_args_main
00002080   ___TI_cpp_init
00002fac   ___TI_enable_exit_profile_output
ffffffff   ___TI_pprof_out_hndl
ffffffff   ___TI_prof_data_size
ffffffff   ___TI_prof_data_start
ffffffff   ___binit__
00000220   ___bss__
ffffffff   ___c_args__
00002fc0   ___cinit__
00000220   ___end__
000022a0   ___etext__
ffffffff   ___pinit__
00000220   ___text__
00002200   __args_main
00001ba0   __auto_init
00002fa4   __cleanup_ptr
00002fa8   __dtors_ptr
000022a0   __stack
00001ca0   __strasg
00002260   _abort
000005a8   _c6713_dsk_init
00002100   _c_int00
000006f0   _comm_intr
000006d8   _comm_poll
00002ef8   _config
00001e60   _copy_in
00001d80   _exit
00002aa0   _fs
00002aa4   _h
00002f20   _hAIC23_handle
00000520   _input_left_sample
00000494   _input_right_sample
000003f0   _input_sample
00002dd0   _k
00002dd4   _m
00000c80   _main
000012c0   _memcpy
00002dc4   _n
0000035c   _output_left_sample
000002c8   _output_right_sample
00000220   _output_sample
00000020   _vector1
00000140   _vector10
00000160   _vector11
00000180   _vector12
000001a0   _vector13
000001c0   _vector14
000001e0   _vector15
00000040   _vector2
00000060   _vector3
00000080   _vector4
000000a0   _vector5
000000c0   _vector6
000000e0   _vector7
00000100   _vector8
00000120   _vector9
00000000   _vectors
00002c34   _x
00002dcc   _y
00002dc8   _yy
ffffffff   binit
00002fc0   cinit
00000220   end
000022a0   etext
ffffffff   pinit


GLOBAL SYMBOLS: SORTED BY Symbol Address 

address    name
--------   ----
00000000   _vectors
00000001   __TI_args_main
00000020   _vector1
00000040   _vector2
00000060   _vector3
00000080   _vector4
000000a0   _vector5
000000c0   _vector6
000000e0   _vector7
00000100   _vector8
00000120   _vector9
00000140   _vector10
00000160   _vector11
00000180   _vector12
000001a0   _vector13
000001c0   _vector14
000001e0   _vector15
00000220   $bss
00000220   .bss
00000220   .text
00000220   ___bss__
00000220   ___end__
00000220   ___text__
00000220   _output_sample
00000220   end
000002c8   _output_right_sample
0000035c   _output_left_sample
000003f0   _input_sample
00000494   _input_right_sample
00000520   _input_left_sample
000005a8   _c6713_dsk_init
000006d8   _comm_poll
000006f0   _comm_intr
00000800   __STACK_SIZE
0000084c   _DSK6713_init
00000b68   _DSK6713_rget
00000b7c   _DSK6713_rset
00000b90   _DSK6713_wait
00000be8   _DSK6713_waitusec
00000c14   _DSK6713_getVersion
00000c80   _main
00000fc0   _DSK6713_AIC23_openCodec
000012c0   _memcpy
00001500   _IRQ_map
000016c0   _MCBSP_reset
00001860   _DSK6713_AIC23_rset
000018f8   _DSK6713_AIC23_rget
00001920   _DSK6713_AIC23_config
000019a0   _MCBSP_open
00001aa0   _MCBSP_start
00001ba0   __auto_init
00001ca0   __strasg
00001d80   _exit
00001e60   _copy_in
00001f20   _DSK6713_AIC23_setFreq
00002080   ___TI_cpp_init
00002100   _c_int00
00002180   _DSK6713_DIP_init
00002188   _DSK6713_DIP_get
00002200   __args_main
00002260   C$$EXIT
00002260   _abort
00002280   __IRQ_hookFetchPacket
000022a0   ___etext__
000022a0   __stack
000022a0   etext
00002aa0   __STACK_END
00002aa0   _fs
00002aa4   _h
00002c34   _x
00002dc4   _n
00002dc8   _yy
00002dcc   _y
00002dd0   _k
00002dd4   _m
00002e00   __IRQ_eventTable
00002e84   __IRQ_intTable
00002ec4   __IRQ_dispatchTable
00002ecc   _AIC_data
00002ed8   _AIC23CfgData
00002ef8   _config
00002f20   _hAIC23_handle
00002f54   __MCBSP_hDev0
00002f58   __MCBSP_hDev1
00002fa4   __cleanup_ptr
00002fa8   __dtors_ptr
00002fac   ___TI_enable_exit_profile_output
00002fb0   _DSK6713_AIC23_codeccontrolhandle
00002fb4   _DSK6713_AIC23_codecdatahandle
00002fb8   _DSK6713_version
00002fc0   ___cinit__
00002fc0   cinit
ffffffff   ___TI_pprof_out_hndl
ffffffff   ___TI_prof_data_size
ffffffff   ___TI_prof_data_start
ffffffff   ___binit__
ffffffff   ___c_args__
ffffffff   ___pinit__
ffffffff   binit
ffffffff   pinit

[100 symbols]
