******************************************************************************
               TMS320C6x Linker PC v7.4.24                     
******************************************************************************
>> Linked Mon Aug 20 17:23:06 2018

OUTPUT FILE NAME:   <DSP002_CODEC_STEREO.out>
ENTRY POINT SYMBOL: "_c_int00"  address: 000029c0


MEMORY CONFIGURATION

         name            origin    length      used     unused   attr    fill
----------------------  --------  ---------  --------  --------  ----  --------
  IVECS                 00000000   00000220  00000200  00000020  RWIX
  IRAM                  00000220   0002fde0  0000378a  0002c656  RWIX
  SDRAM                 80000000   00100000  00000000  00100000  RWIX
  FLASH                 90000000   00020000  00000000  00020000  RWIX


SECTION ALLOCATION MAP

 output                                  attributes/
section   page    origin      length       input sections
--------  ----  ----------  ----------   ----------------
.vecs      0    00000000    00000200     
                  00000000    00000200     Vectors_intr.obj (.vecs)

.bss       0    00000220    00000000     UNINITIALIZED

.text      0    00000220    00002ac0     
                  00000220    00000960     main.obj (.text:retain)
                  00000b80    000007e0     main.obj (.text)
                  00001360    00000480     dsk6713bsl.lib : dsk6713.obj (.text)
                  000017e0    00000300                    : dsk6713_aic23_opencodec.obj (.text)
                  00001ae0    00000240     rts6700.lib : memcpy62.obj (.text:_memcpy)
                  00001d20    000001c0     csl6713.lib : csl_irq.obj (.text:_IRQ_map)
                  00001ee0    000001a0                 : csl_mcbsp.obj (.text:_MCBSP_reset)
                  00002080    00000140     dsk6713bsl.lib : dsk6713_aic23_registers.obj (.text)
                  000021c0    00000100     csl6713.lib : csl_mcbsp.obj (.text:_MCBSP_open)
                  000022c0    00000100                 : csl_mcbsp.obj (.text:_MCBSP_start)
                  000023c0    00000100     rts6700.lib : autoinit.obj (.text:__auto_init)
                  000024c0    000000e0                 : strasg.obj (.text:__strasg)
                  000025a0    000000e0                 : exit.obj (.text:_exit)
                  00002680    000000c0                 : cpy_tbl.obj (.text:_copy_in)
                  00002740    000000c0     dsk6713bsl.lib : dsk6713_aic23_setfreq.obj (.text)
                  00002800    000000a0     csl6713.lib : csl_mcbsp.obj (.text:_MCBSP_config)
                  000028a0    000000a0                 : csl_irq.obj (.text:_setMux)
                  00002940    00000080     rts6700.lib : cpp_init.obj (.text:___TI_cpp_init)
                  000029c0    00000080                 : boot.obj (.text:_c_int00)
                  00002a40    00000080     dsk6713bsl.lib : dsk6713_dip.obj (.text)
                  00002ac0    00000040     csl6713.lib : csl_irq.obj (.text:_IRQ_enable)
                  00002b00    00000040                 : csl_irq.obj (.text:_IRQ_reset)
                  00002b40    00000040     rts6700.lib : args_main.obj (.text:__args_main)
                  00002b80    00000020     Vectors_intr.obj (.text)
                  00002ba0    00000020     csl6713.lib : csl_irq.obj (.text:_IRQ_globalDisable)
                  00002bc0    00000020                 : csl_irq.obj (.text:_IRQ_globalEnable)
                  00002be0    00000020                 : csl_irq.obj (.text:_IRQ_nmiEnable)
                  00002c00    00000020                 : csl_mcbsp.obj (.text:_MCBSP_getXmtEventId)
                  00002c20    00000020                 : csl_mcbsp.obj (.text:_MCBSP_read)
                  00002c40    00000020                 : csl_mcbsp.obj (.text:_MCBSP_rrdy)
                  00002c60    00000020                 : csl_mcbsp.obj (.text:_MCBSP_write)
                  00002c80    00000020                 : csl_mcbsp.obj (.text:_MCBSP_xrdy)
                  00002ca0    00000020     rts6700.lib : exit.obj (.text:_abort)
                  00002cc0    00000020     csl6713.lib : csl_irq.obj (.text)

.stack     0    00002ce0    00000800     UNINITIALIZED
                  00002ce0    00000008     rts6700.lib : boot.obj (.stack)
                  00002ce8    000007f8     --HOLE--

.cinit     0    000034e0    0000027c     
                  000034e0    0000012c     csl6713.lib : csl_irq.obj (.cinit)
                  0000360c    00000004     --HOLE-- [fill = 0]
                  00003610    00000068     main.obj (.cinit)
                  00003678    00000054     csl6713.lib : csl_mcbsp.obj (.cinit)
                  000036cc    00000004     --HOLE-- [fill = 0]
                  000036d0    00000030     dsk6713bsl.lib : dsk6713_aic23_registers.obj (.cinit)
                  00003700    0000002c     rts6700.lib : exit.obj (.cinit)
                  0000372c    00000004     --HOLE-- [fill = 0]
                  00003730    00000028     dsk6713bsl.lib : dsk6713_aic23_setfreq.obj (.cinit)
                  00003758    00000004     --HOLE-- [fill = 0]

.far       0    0000375c    000001ee     UNINITIALIZED
                  0000375c    000000f4     csl6713.lib : csl_irq.obj (.far)
                  00003850    00000064     main.obj (.far)
                  000038b4    00000038     csl6713.lib : csl_mcbsp.obj (.far)
                  000038ec    00000028     dsk6713bsl.lib : dsk6713_aic23_registers.obj (.far)
                  00003914    00000020                    : dsk6713_aic23_setfreq.obj (.far)
                  00003934    0000000c     rts6700.lib : exit.obj (.far)
                  00003940    00000008     dsk6713bsl.lib : dsk6713_aic23_opencodec.obj (.far)
                  00003948    00000002                    : dsk6713.obj (.far)

.const     0    0000394c    00000060     
                  0000394c    00000040     dsk6713bsl.lib : dsk6713_aic23_opencodec.obj (.const)
                  0000398c    00000020                    : dsk6713.obj (.const)


GLOBAL SYMBOLS: SORTED ALPHABETICALLY BY Name 

address    name
--------   ----
00000220   $bss
00000220   .bss
00000220   .text
00002ca0   C$$EXIT
00003868   _AIC23CfgData
00003854   _AIC23_data
0000385c   _AIC_data
00003940   _DSK6713_AIC23_codeccontrolhandle
00003944   _DSK6713_AIC23_codecdatahandle
00002140   _DSK6713_AIC23_config
000017e0   _DSK6713_AIC23_openCodec
00002118   _DSK6713_AIC23_rget
00002080   _DSK6713_AIC23_rset
00002740   _DSK6713_AIC23_setFreq
00002a48   _DSK6713_DIP_get
00002a40   _DSK6713_DIP_init
00001774   _DSK6713_getVersion
000013ac   _DSK6713_init
000016c8   _DSK6713_rget
000016dc   _DSK6713_rset
00003948   _DSK6713_version
000016f0   _DSK6713_wait
00001748   _DSK6713_waitusec
00002ac0   _IRQ_enable
00002ba0   _IRQ_globalDisable
00002bc0   _IRQ_globalEnable
00001d20   _IRQ_map
00002be0   _IRQ_nmiEnable
00002b00   _IRQ_reset
00002800   _MCBSP_config
00002c00   _MCBSP_getXmtEventId
000021c0   _MCBSP_open
00002c20   _MCBSP_read
00001ee0   _MCBSP_reset
00002c40   _MCBSP_rrdy
000022c0   _MCBSP_start
00002c60   _MCBSP_write
00002c80   _MCBSP_xrdy
00003848   __IRQ_dispatchTable
00003784   __IRQ_eventTable
00002cc0   __IRQ_hookFetchPacket
00003808   __IRQ_intTable
000038e4   __MCBSP_hDev0
000038e8   __MCBSP_hDev1
000034e0   __STACK_END
00000800   __STACK_SIZE
00000001   __TI_args_main
00002940   ___TI_cpp_init
0000393c   ___TI_enable_exit_profile_output
ffffffff   ___TI_pprof_out_hndl
ffffffff   ___TI_prof_data_size
ffffffff   ___TI_prof_data_start
ffffffff   ___binit__
00000220   ___bss__
ffffffff   ___c_args__
000034e0   ___cinit__
00000220   ___end__
00002ce0   ___etext__
ffffffff   ___pinit__
00000220   ___text__
00002b40   __args_main
000023c0   __auto_init
00003934   __cleanup_ptr
00003938   __dtors_ptr
00002ce0   __stack
000024c0   __strasg
00002ca0   _abort
00000b80   _c6713_dsk_init
000029c0   _c_int00
00000220   _c_int11
00000c78   _comm_intr
00000c44   _comm_poll
00003888   _config
00002680   _copy_in
00003858   _entrada
000025a0   _exit
00003850   _fs
000038b0   _hAIC23_handle
00001180   _input_left_sample
00001248   _input_right_sample
0000107c   _input_sample
00001310   _main
00001ae0   _memcpy
00000ebc   _output_left_sample
00000f9c   _output_right_sample
00000da4   _output_sample
00000020   _vector1
00000140   _vector10
00000180   _vector12
000001a0   _vector13
000001c0   _vector14
000001e0   _vector15
00000040   _vector2
00000060   _vector3
00000080   _vector4
000000a0   _vector5
000000c0   _vector6
000000e0   _vector7
00000100   _vector8
00000120   _vector9
00000000   _vectors
ffffffff   binit
000034e0   cinit
00000220   end
00002ce0   etext
ffffffff   pinit


GLOBAL SYMBOLS: SORTED BY Symbol Address 

address    name
--------   ----
00000000   _vectors
00000001   __TI_args_main
00000020   _vector1
00000040   _vector2
00000060   _vector3
00000080   _vector4
000000a0   _vector5
000000c0   _vector6
000000e0   _vector7
00000100   _vector8
00000120   _vector9
00000140   _vector10
00000180   _vector12
000001a0   _vector13
000001c0   _vector14
000001e0   _vector15
00000220   $bss
00000220   .bss
00000220   .text
00000220   ___bss__
00000220   ___end__
00000220   ___text__
00000220   _c_int11
00000220   end
00000800   __STACK_SIZE
00000b80   _c6713_dsk_init
00000c44   _comm_poll
00000c78   _comm_intr
00000da4   _output_sample
00000ebc   _output_left_sample
00000f9c   _output_right_sample
0000107c   _input_sample
00001180   _input_left_sample
00001248   _input_right_sample
00001310   _main
000013ac   _DSK6713_init
000016c8   _DSK6713_rget
000016dc   _DSK6713_rset
000016f0   _DSK6713_wait
00001748   _DSK6713_waitusec
00001774   _DSK6713_getVersion
000017e0   _DSK6713_AIC23_openCodec
00001ae0   _memcpy
00001d20   _IRQ_map
00001ee0   _MCBSP_reset
00002080   _DSK6713_AIC23_rset
00002118   _DSK6713_AIC23_rget
00002140   _DSK6713_AIC23_config
000021c0   _MCBSP_open
000022c0   _MCBSP_start
000023c0   __auto_init
000024c0   __strasg
000025a0   _exit
00002680   _copy_in
00002740   _DSK6713_AIC23_setFreq
00002800   _MCBSP_config
00002940   ___TI_cpp_init
000029c0   _c_int00
00002a40   _DSK6713_DIP_init
00002a48   _DSK6713_DIP_get
00002ac0   _IRQ_enable
00002b00   _IRQ_reset
00002b40   __args_main
00002ba0   _IRQ_globalDisable
00002bc0   _IRQ_globalEnable
00002be0   _IRQ_nmiEnable
00002c00   _MCBSP_getXmtEventId
00002c20   _MCBSP_read
00002c40   _MCBSP_rrdy
00002c60   _MCBSP_write
00002c80   _MCBSP_xrdy
00002ca0   C$$EXIT
00002ca0   _abort
00002cc0   __IRQ_hookFetchPacket
00002ce0   ___etext__
00002ce0   __stack
00002ce0   etext
000034e0   __STACK_END
000034e0   ___cinit__
000034e0   cinit
00003784   __IRQ_eventTable
00003808   __IRQ_intTable
00003848   __IRQ_dispatchTable
00003850   _fs
00003854   _AIC23_data
00003858   _entrada
0000385c   _AIC_data
00003868   _AIC23CfgData
00003888   _config
000038b0   _hAIC23_handle
000038e4   __MCBSP_hDev0
000038e8   __MCBSP_hDev1
00003934   __cleanup_ptr
00003938   __dtors_ptr
0000393c   ___TI_enable_exit_profile_output
00003940   _DSK6713_AIC23_codeccontrolhandle
00003944   _DSK6713_AIC23_codecdatahandle
00003948   _DSK6713_version
ffffffff   ___TI_pprof_out_hndl
ffffffff   ___TI_prof_data_size
ffffffff   ___TI_prof_data_start
ffffffff   ___binit__
ffffffff   ___c_args__
ffffffff   ___pinit__
ffffffff   binit
ffffffff   pinit

[106 symbols]
