******************************************************************************
               TMS320C6x Linker PC v7.4.24                     
******************************************************************************
>> Linked Tue Sep 04 16:50:20 2018

OUTPUT FILE NAME:   <DSP006_rutina_asm.out>
ENTRY POINT SYMBOL: "_c_int00"  address: 00007d80


MEMORY CONFIGURATION

         name            origin    length      used     unused   attr    fill
----------------------  --------  ---------  --------  --------  ----  --------
  IVECS                 00000000   00000220  00000000  00000220  RWIX
  IRAM                  00000220   0002fde0  000097fa  000265e6  RWIX
  SDRAM                 80000000   00100000  00000000  00100000  RWIX
  FLASH                 90000000   00020000  00000000  00020000  RWIX


SECTION ALLOCATION MAP

 output                                  attributes/
section   page    origin      length       input sections
--------  ----  ----------  ----------   ----------------
.text      0    00000220    00007fc0     
                  00000220    00000720     rts6700.lib : divd.obj (.text:__divd)
                  00000940    000006c0                 : _printfi.obj (.text:__getarg_diouxp)
                  00001000    00000640                 : _printfi.obj (.text:__setfield)
                  00001640    00000560                 : _printfi.obj (.text:__printfi)
                  00001ba0    000004c0                 : fputs.obj (.text:_fputs)
                  00002060    00000420                 : _printfi.obj (.text:_fcvt)
                  00002480    00000400                 : _printfi.obj (.text:__pproc_fge)
                  00002880    00000400                 : _printfi.obj (.text:_ecvt)
                  00002c80    00000380                 : imath64.obj (.text:__divull)
                  00003000    00000380                 : memory.obj (.text:_free)
                  00003380    00000360                 : _printfi.obj (.text:__pconv_e)
                  000036e0    00000360                 : _printfi.obj (.text:__pproc_fwp)
                  00003a40    00000300                 : _printfi.obj (.text:__pproc_diouxp)
                  00003d40    000002c0                 : _printfi.obj (.text:__pproc_str)
                  00004000    000002c0                 : setvbuf.obj (.text:_setvbuf)
                  000042c0    000002a0                 : fputc.obj (.text:_fputc)
                  00004560    00000260                 : imath40.obj (.text:__divul)
                  000047c0    00000240                 : _printfi.obj (.text:__mcpy)
                  00004a00    00000240                 : memory.obj (.text:_malloc)
                  00004c40    00000240                 : memcpy62.obj (.text:_memcpy)
                  00004e80    00000220                 : trgdrv.obj (.text:_HOSTrename)
                  000050a0    00000200                 : _printfi.obj (.text:__pconv_g)
                  000052a0    000001e0                 : lowlev.obj (.text:_getdevice)
                  00005480    000001c0                 : fseek.obj (.text:_fseek)
                  00005640    000001a0                 : _printfi.obj (.text:__ltostr)
                  000057e0    000001a0                 : _printfi.obj (.text:__pproc_fflags)
                  00005980    00000160                 : trgdrv.obj (.text:_HOSTlseek)
                  00005ae0    00000160                 : fclose.obj (.text:__closefile)
                  00005c40    00000140                 : trgdrv.obj (.text:_HOSTread)
                  00005d80    00000140                 : frcmpyd_div.obj (.text:__frcmpyd_div)
                  00005ec0    00000140                 : atoi.obj (.text:_atoi)
                  00006000    00000140                 : ltoa.obj (.text:_ltoa)
                  00006140    00000120                 : trgdrv.obj (.text:_HOSTopen)
                  00006260    00000120                 : trgdrv.obj (.text:_HOSTwrite)
                  00006380    00000120                 : _io_perm.obj (.text:__wrt_ok)
                  000064a0    00000120                 : lowlev.obj (.text:_close)
                  000065c0    00000120                 : memset.obj (.text:_memset)
                  000066e0    00000100                 : trgdrv.obj (.text:_HOSTclose)
                  000067e0    00000100                 : trgdrv.obj (.text:_HOSTunlink)
                  000068e0    00000100                 : autoinit.obj (.text:__auto_init)
                  000069e0    00000100                 : _printfi.obj (.text:__div)
                  00006ae0    00000100                 : imath40.obj (.text:__divli)
                  00006be0    00000100                 : _printfi.obj (.text:__pconv_f)
                  00006ce0    00000100                 : lowlev.obj (.text:_lseek)
                  00006de0    00000100                 : printf.obj (.text:_printf)
                  00006ee0    00000100                 : lowlev.obj (.text:_write)
                  00006fe0    000000e0                 : fopen.obj (.text:__cleanup)
                  000070c0    000000e0                 : fflush.obj (.text:__doflush)
                  000071a0    000000e0                 : _printfi.obj (.text:__ecpy)
                  00007280    000000e0                 : _printfi.obj (.text:__fcpy)
                  00007360    000000e0                 : exit.obj (.text:_exit)
                  00007440    000000e0                 : memory.obj (.text:_minsert)
                  00007520    000000e0                 : memory.obj (.text:_mremove)
                  00007600    000000c0                 : divu.obj (.text:__divu)
                  000076c0    000000c0                 : cpy_tbl.obj (.text:_copy_in)
                  00007780    000000c0                 : lowlev.obj (.text:_finddevice)
                  00007840    000000a0                 : fixdli.obj (.text:__fixdli)
                  000078e0    000000a0                 : mpyll.obj (.text:__mpyll)
                  00007980    000000a0                 : imath40.obj (.text:__remli)
                  00007a20    000000a0                 : trgmsg.obj (.text:_readmsg)
                  00007ac0    000000a0                 : lowlev.obj (.text:_unlink)
                  00007b60    000000a0                 : trgmsg.obj (.text:_writemsg)
                  00007c00    00000080                 : cpp_init.obj (.text:___TI_cpp_init)
                  00007c80    00000080                 : fltlid.obj (.text:__fltlid)
                  00007d00    00000080                 : llshift.obj (.text:__llshl)
                  00007d80    00000080                 : boot.obj (.text:_c_int00)
                  00007e00    00000080                 : memccpy.obj (.text:_memccpy)
                  00007e80    00000080     main.obj (.text)
                  00007f00    00000060     rts6700.lib : isinf.obj (.text:___isinf)
                  00007f60    00000060                 : llshift.obj (.text:__llshru)
                  00007fc0    00000060                 : imath64.obj (.text:__subcull)
                  00008020    00000040                 : _printfi.obj (.text:___isnan)
                  00008060    00000040                 : args_main.obj (.text:__args_main)
                  000080a0    00000040     factfunc.obj (.text)
                  000080e0    00000040     sumfunc.obj (.text)
                  00008120    00000020     rts6700.lib : negll.obj (.text:__negll)
                  00008140    00000020                 : _lock.obj (.text:__nop)
                  00008160    00000020                 : printf.obj (.text:__outc)
                  00008180    00000020                 : printf.obj (.text:__outs)
                  000081a0    00000020                 : exit.obj (.text:_abort)
                  000081c0    00000020                 : remove.obj (.text:_remove)

.stack     0    000081e0    00000800     UNINITIALIZED
                  000081e0    00000008     rts6700.lib : boot.obj (.stack)
                  000081e8    000007f8     --HOLE--

.sysmem    0    000089e0    00000800     UNINITIALIZED
                  000089e0    00000008     rts6700.lib : memory.obj (.sysmem)
                  000089e8    000007f8     --HOLE--

.far       0    000091e0    00000468     UNINITIALIZED
                  000091e0    00000324     rts6700.lib : defs.obj (.far)
                  00009504    0000011c                 : lowlev.obj (.far)
                  00009620    0000000c                 : exit.obj (.far)
                  0000962c    00000008                 : _lock.obj (.far)
                  00009634    00000008                 : memory.obj (.far)
                  0000963c    00000008                 : trgdrv.obj (.far)
                  00009644    00000004                 : fopen.obj (.far)

.cinit     0    00009648    00000174     
                  00009648    0000005c     rts6700.lib : defs.obj (.cinit)
                  000096a4    00000004     --HOLE-- [fill = 0]
                  000096a8    0000005c                 : lowlev.obj (.cinit)
                  00009704    00000004     --HOLE-- [fill = 0]
                  00009708    0000002c                 : exit.obj (.cinit)
                  00009734    00000004     --HOLE-- [fill = 0]
                  00009738    0000002c                 : memory.obj (.cinit)
                  00009764    00000004     --HOLE-- [fill = 0]
                  00009768    0000001c     main.obj (.cinit)
                  00009784    00000004     --HOLE-- [fill = 0]
                  00009788    0000001c     rts6700.lib : _lock.obj (.cinit)
                  000097a4    00000004     --HOLE-- [fill = 0]
                  000097a8    0000000c                 : fopen.obj (.cinit)
                  000097b4    00000004     --HOLE-- [fill = 0]
                  000097b8    00000004     (.pad.cinit) [fill = 0]

.const     0    000097bc    00000136     
                  000097bc    00000101     rts6700.lib : ctype.obj (.const:.string:__ctypes_)
                  000098bd    00000023                 : _printfi.obj (.const:.string)
                  000098e0    00000010     main.obj (.const:.string)
                  000098f0    00000002     rts6700.lib : fputs.obj (.const:.string)

.cio       0    000098f4    00000120     UNINITIALIZED
                  000098f4    00000120     rts6700.lib : trgmsg.obj (.cio)

.bss       0    00009a14    00000008     UNINITIALIZED
                  00009a14    00000008     main.obj (.bss)


GLOBAL SYMBOLS: SORTED ALPHABETICALLY BY Name 

address    name
--------   ----
00009a14   $bss
00009a14   .bss
00000220   .text
000081a0   C$$EXIT
00007bd8   C$$IO$$
000066e0   _HOSTclose
00005980   _HOSTlseek
00006140   _HOSTopen
00005c40   _HOSTread
00004e80   _HOSTrename
000067e0   _HOSTunlink
00006260   _HOSTwrite
000098f4   __CIOBUF_
000089e0   __STACK_END
00000800   __STACK_SIZE
00000800   __SYSMEM_SIZE
00000001   __TI_args_main
00007c00   ___TI_cpp_init
00009628   ___TI_enable_exit_profile_output
ffffffff   ___TI_pprof_out_hndl
ffffffff   ___TI_prof_data_size
ffffffff   ___TI_prof_data_start
ffffffff   ___binit__
00009a14   ___bss__
ffffffff   ___c_args__
00009648   ___cinit__
00009a1c   ___end__
000081e0   ___etext__
00007f00   ___isinf
ffffffff   ___pinit__
00000220   ___text__
00008060   __args_main
000068e0   __auto_init
00007600   __c6xabi_divu
00006fe0   __cleanup
00009620   __cleanup_ptr
00005ae0   __closefile
000097bc   __ctypes_
00000220   __divd
00006ae0   __divli
00007600   __divu
00004560   __divul
00002c80   __divull
000070c0   __doflush
00009624   __dtors_ptr
00007840   __fixdli
00007c80   __fltlid
00005d80   __frcmpyd_div
00009500   __ft_end
000091e0   __ftable
00007d00   __llshl
00007f60   __llshru
0000962c   __lock
000078e0   __mpyll
00008120   __negll
00008140   __nop
00001640   __printfi
00007980   __remli
000081e0   __stack
00007fc0   __subcull
000089e0   __sys_memory
000093c0   __tmpnams
00009630   __unlock
00006380   __wrt_ok
000081a0   _abort
00005ec0   _atoi
00007d80   _c_int00
000064a0   _close
000076c0   _copy_in
00007360   _exit
000080a0   _factfunc
000042c0   _fputc
00001ba0   _fputs
00003000   _free
00005480   _fseek
00009a14   _i
00009a18   _j
00006ce0   _lseek
00006000   _ltoa
00007e80   _main
00004a00   _malloc
00007e00   _memccpy
00004c40   _memcpy
000065c0   _memset
00006de0   _printf
000042c0   _putc
00007a20   _readmsg
000081c0   _remove
00004000   _setvbuf
000080e0   _sumfunc
00007ac0   _unlink
00006ee0   _write
00007b60   _writemsg
ffffffff   binit
00009648   cinit
00009a1c   end
000081e0   etext
ffffffff   pinit


GLOBAL SYMBOLS: SORTED BY Symbol Address 

address    name
--------   ----
00000001   __TI_args_main
00000220   .text
00000220   ___text__
00000220   __divd
00000800   __STACK_SIZE
00000800   __SYSMEM_SIZE
00001640   __printfi
00001ba0   _fputs
00002c80   __divull
00003000   _free
00004000   _setvbuf
000042c0   _fputc
000042c0   _putc
00004560   __divul
00004a00   _malloc
00004c40   _memcpy
00004e80   _HOSTrename
00005480   _fseek
00005980   _HOSTlseek
00005ae0   __closefile
00005c40   _HOSTread
00005d80   __frcmpyd_div
00005ec0   _atoi
00006000   _ltoa
00006140   _HOSTopen
00006260   _HOSTwrite
00006380   __wrt_ok
000064a0   _close
000065c0   _memset
000066e0   _HOSTclose
000067e0   _HOSTunlink
000068e0   __auto_init
00006ae0   __divli
00006ce0   _lseek
00006de0   _printf
00006ee0   _write
00006fe0   __cleanup
000070c0   __doflush
00007360   _exit
00007600   __c6xabi_divu
00007600   __divu
000076c0   _copy_in
00007840   __fixdli
000078e0   __mpyll
00007980   __remli
00007a20   _readmsg
00007ac0   _unlink
00007b60   _writemsg
00007bd8   C$$IO$$
00007c00   ___TI_cpp_init
00007c80   __fltlid
00007d00   __llshl
00007d80   _c_int00
00007e00   _memccpy
00007e80   _main
00007f00   ___isinf
00007f60   __llshru
00007fc0   __subcull
00008060   __args_main
000080a0   _factfunc
000080e0   _sumfunc
00008120   __negll
00008140   __nop
000081a0   C$$EXIT
000081a0   _abort
000081c0   _remove
000081e0   ___etext__
000081e0   __stack
000081e0   etext
000089e0   __STACK_END
000089e0   __sys_memory
000091e0   __ftable
000093c0   __tmpnams
00009500   __ft_end
00009620   __cleanup_ptr
00009624   __dtors_ptr
00009628   ___TI_enable_exit_profile_output
0000962c   __lock
00009630   __unlock
00009648   ___cinit__
00009648   cinit
000097bc   __ctypes_
000098f4   __CIOBUF_
00009a14   $bss
00009a14   .bss
00009a14   ___bss__
00009a14   _i
00009a18   _j
00009a1c   ___end__
00009a1c   end
ffffffff   ___TI_pprof_out_hndl
ffffffff   ___TI_prof_data_size
ffffffff   ___TI_prof_data_start
ffffffff   ___binit__
ffffffff   ___c_args__
ffffffff   ___pinit__
ffffffff   binit
ffffffff   pinit

[98 symbols]
