******************************************************************************
               TMS320C6x Linker PC v7.4.24                     
******************************************************************************
>> Linked Fri Aug 17 16:20:59 2018

OUTPUT FILE NAME:   <DSP0001_codec_efectos.out>
ENTRY POINT SYMBOL: "_c_int00"  address: 00010e40


MEMORY CONFIGURATION

         name            origin    length      used     unused   attr    fill
----------------------  --------  ---------  --------  --------  ----  --------
  IVECS                 00000000   00000220  00000200  00000020  RWIX
  IRAM                  00000220   0002fde0  000118fe  0001e4e2  RWIX
  SDRAM                 80000000   00100000  00000000  00100000  RWIX
  FLASH                 90000000   00020000  00000000  00020000  RWIX


SECTION ALLOCATION MAP

 output                                  attributes/
section   page    origin      length       input sections
--------  ----  ----------  ----------   ----------------
.vecs      0    00000000    00000200     
                  00000000    00000200     Vectors_intr.obj (.vecs)

.bss       0    00000220    00000000     UNINITIALIZED

.far       0    00000220    0000ec62     UNINITIALIZED
                  00000220    0000ead8     main.obj (.far)
                  0000ecf8    000000f4     csl6713.lib : csl_irq.obj (.far)
                  0000edec    00000038                 : csl_mcbsp.obj (.far)
                  0000ee24    00000028     dsk6713bsl.lib : dsk6713_aic23_registers.obj (.far)
                  0000ee4c    00000020                    : dsk6713_aic23_setfreq.obj (.far)
                  0000ee6c    0000000c     rts6700.lib : exit.obj (.far)
                  0000ee78    00000008     dsk6713bsl.lib : dsk6713_aic23_opencodec.obj (.far)
                  0000ee80    00000002                    : dsk6713.obj (.far)

.text      0    0000eea0    00002140     
                  0000eea0    00000600     main.obj (.text:retain)
                  0000f4a0    00000480     dsk6713bsl.lib : dsk6713.obj (.text)
                  0000f920    000003e0     main.obj (.text)
                  0000fd00    00000300     dsk6713bsl.lib : dsk6713_aic23_opencodec.obj (.text)
                  00010000    00000240     rts6700.lib : memcpy62.obj (.text:_memcpy)
                  00010240    000001c0     csl6713.lib : csl_irq.obj (.text:_IRQ_map)
                  00010400    000001a0                 : csl_mcbsp.obj (.text:_MCBSP_reset)
                  000105a0    00000140     dsk6713bsl.lib : dsk6713_aic23_registers.obj (.text)
                  000106e0    00000100     csl6713.lib : csl_mcbsp.obj (.text:_MCBSP_open)
                  000107e0    00000100                 : csl_mcbsp.obj (.text:_MCBSP_start)
                  000108e0    00000100     rts6700.lib : autoinit.obj (.text:__auto_init)
                  000109e0    000000e0                 : strasg.obj (.text:__strasg)
                  00010ac0    000000e0                 : exit.obj (.text:_exit)
                  00010ba0    000000c0                 : cpy_tbl.obj (.text:_copy_in)
                  00010c60    000000c0     dsk6713bsl.lib : dsk6713_aic23_setfreq.obj (.text)
                  00010d20    000000a0     csl6713.lib : csl_irq.obj (.text:_setMux)
                  00010dc0    00000080     rts6700.lib : cpp_init.obj (.text:___TI_cpp_init)
                  00010e40    00000080                 : boot.obj (.text:_c_int00)
                  00010ec0    00000080     dsk6713bsl.lib : dsk6713_dip.obj (.text)
                  00010f40    00000040     rts6700.lib : args_main.obj (.text:__args_main)
                  00010f80    00000020     Vectors_intr.obj (.text)
                  00010fa0    00000020     rts6700.lib : exit.obj (.text:_abort)
                  00010fc0    00000020     csl6713.lib : csl_irq.obj (.text)

.stack     0    00010fe0    00000800     UNINITIALIZED
                  00010fe0    00000008     rts6700.lib : boot.obj (.stack)
                  00010fe8    000007f8     --HOLE--

.cinit     0    000117e0    000002fc     
                  000117e0    0000012c     csl6713.lib : csl_irq.obj (.cinit)
                  0001190c    00000004     --HOLE-- [fill = 0]
                  00011910    000000e8     main.obj (.cinit)
                  000119f8    00000054     csl6713.lib : csl_mcbsp.obj (.cinit)
                  00011a4c    00000004     --HOLE-- [fill = 0]
                  00011a50    00000030     dsk6713bsl.lib : dsk6713_aic23_registers.obj (.cinit)
                  00011a80    0000002c     rts6700.lib : exit.obj (.cinit)
                  00011aac    00000004     --HOLE-- [fill = 0]
                  00011ab0    00000028     dsk6713bsl.lib : dsk6713_aic23_setfreq.obj (.cinit)
                  00011ad8    00000004     --HOLE-- [fill = 0]

.const     0    00011adc    00000060     
                  00011adc    00000040     dsk6713bsl.lib : dsk6713_aic23_opencodec.obj (.const)
                  00011b1c    00000020                    : dsk6713.obj (.const)


GLOBAL SYMBOLS: SORTED ALPHABETICALLY BY Name 

address    name
--------   ----
00000220   $bss
00000220   .bss
0000eea0   .text
00010fa0   C$$EXIT
0000ecac   _AIC23CfgData
0000eca0   _AIC_data
0000ee78   _DSK6713_AIC23_codeccontrolhandle
0000ee7c   _DSK6713_AIC23_codecdatahandle
00010660   _DSK6713_AIC23_config
0000fd00   _DSK6713_AIC23_openCodec
00010638   _DSK6713_AIC23_rget
000105a0   _DSK6713_AIC23_rset
00010c60   _DSK6713_AIC23_setFreq
00010ec8   _DSK6713_DIP_get
00010ec0   _DSK6713_DIP_init
0000f8b4   _DSK6713_getVersion
0000f4ec   _DSK6713_init
0000f808   _DSK6713_rget
0000f81c   _DSK6713_rset
0000ee80   _DSK6713_version
0000f830   _DSK6713_wait
0000f888   _DSK6713_waitusec
00010240   _IRQ_map
0000ec8c   _K
0000ec8e   _L
000106e0   _MCBSP_open
00010400   _MCBSP_reset
000107e0   _MCBSP_start
0000ede4   __IRQ_dispatchTable
0000ed20   __IRQ_eventTable
00010fc0   __IRQ_hookFetchPacket
0000eda4   __IRQ_intTable
0000ee1c   __MCBSP_hDev0
0000ee20   __MCBSP_hDev1
000117e0   __STACK_END
00000800   __STACK_SIZE
00000001   __TI_args_main
00010dc0   ___TI_cpp_init
0000ee74   ___TI_enable_exit_profile_output
ffffffff   ___TI_pprof_out_hndl
ffffffff   ___TI_prof_data_size
ffffffff   ___TI_prof_data_start
ffffffff   ___binit__
00000220   ___bss__
ffffffff   ___c_args__
000117e0   ___cinit__
00000220   ___end__
00010fe0   ___etext__
ffffffff   ___pinit__
0000eea0   ___text__
00010f40   __args_main
000108e0   __auto_init
0000ee6c   __cleanup_ptr
0000ee70   __dtors_ptr
00010fe0   __stack
000109e0   __strasg
00010fa0   _abort
0000ec90   _amplitud
0000ec94   _amplitud2
0000ec98   _amplitud3
0000ec9c   _amplitud4
00000228   _buffer
00001998   _buffer2
00004878   _buffer3
00008ec8   _buffer4
0000f9d8   _c6713_dsk_init
00010e40   _c_int00
0000eea0   _c_int11
0000fb04   _comm_intr
0000fce8   _comm_poll
0000eccc   _config
00010ba0   _copy_in
00000224   _entrada
00010ac0   _exit
00000220   _fs
0000ecf4   _hAIC23_handle
0000ec88   _i
0000fc40   _input_sample
0000ec8a   _j
0000fc00   _main
00010000   _memcpy
0000f920   _output_sample
00000226   _salida
00000020   _vector1
00000140   _vector10
00000180   _vector12
000001a0   _vector13
000001c0   _vector14
000001e0   _vector15
00000040   _vector2
00000060   _vector3
00000080   _vector4
000000a0   _vector5
000000c0   _vector6
000000e0   _vector7
00000100   _vector8
00000120   _vector9
00000000   _vectors
ffffffff   binit
000117e0   cinit
00000220   end
00010fe0   etext
ffffffff   pinit


GLOBAL SYMBOLS: SORTED BY Symbol Address 

address    name
--------   ----
00000000   _vectors
00000001   __TI_args_main
00000020   _vector1
00000040   _vector2
00000060   _vector3
00000080   _vector4
000000a0   _vector5
000000c0   _vector6
000000e0   _vector7
00000100   _vector8
00000120   _vector9
00000140   _vector10
00000180   _vector12
000001a0   _vector13
000001c0   _vector14
000001e0   _vector15
00000220   $bss
00000220   .bss
00000220   ___bss__
00000220   ___end__
00000220   _fs
00000220   end
00000224   _entrada
00000226   _salida
00000228   _buffer
00000800   __STACK_SIZE
00001998   _buffer2
00004878   _buffer3
00008ec8   _buffer4
0000ec88   _i
0000ec8a   _j
0000ec8c   _K
0000ec8e   _L
0000ec90   _amplitud
0000ec94   _amplitud2
0000ec98   _amplitud3
0000ec9c   _amplitud4
0000eca0   _AIC_data
0000ecac   _AIC23CfgData
0000eccc   _config
0000ecf4   _hAIC23_handle
0000ed20   __IRQ_eventTable
0000eda4   __IRQ_intTable
0000ede4   __IRQ_dispatchTable
0000ee1c   __MCBSP_hDev0
0000ee20   __MCBSP_hDev1
0000ee6c   __cleanup_ptr
0000ee70   __dtors_ptr
0000ee74   ___TI_enable_exit_profile_output
0000ee78   _DSK6713_AIC23_codeccontrolhandle
0000ee7c   _DSK6713_AIC23_codecdatahandle
0000ee80   _DSK6713_version
0000eea0   .text
0000eea0   ___text__
0000eea0   _c_int11
0000f4ec   _DSK6713_init
0000f808   _DSK6713_rget
0000f81c   _DSK6713_rset
0000f830   _DSK6713_wait
0000f888   _DSK6713_waitusec
0000f8b4   _DSK6713_getVersion
0000f920   _output_sample
0000f9d8   _c6713_dsk_init
0000fb04   _comm_intr
0000fc00   _main
0000fc40   _input_sample
0000fce8   _comm_poll
0000fd00   _DSK6713_AIC23_openCodec
00010000   _memcpy
00010240   _IRQ_map
00010400   _MCBSP_reset
000105a0   _DSK6713_AIC23_rset
00010638   _DSK6713_AIC23_rget
00010660   _DSK6713_AIC23_config
000106e0   _MCBSP_open
000107e0   _MCBSP_start
000108e0   __auto_init
000109e0   __strasg
00010ac0   _exit
00010ba0   _copy_in
00010c60   _DSK6713_AIC23_setFreq
00010dc0   ___TI_cpp_init
00010e40   _c_int00
00010ec0   _DSK6713_DIP_init
00010ec8   _DSK6713_DIP_get
00010f40   __args_main
00010fa0   C$$EXIT
00010fa0   _abort
00010fc0   __IRQ_hookFetchPacket
00010fe0   ___etext__
00010fe0   __stack
00010fe0   etext
000117e0   __STACK_END
000117e0   ___cinit__
000117e0   cinit
ffffffff   ___TI_pprof_out_hndl
ffffffff   ___TI_prof_data_size
ffffffff   ___TI_prof_data_start
ffffffff   ___binit__
ffffffff   ___c_args__
ffffffff   ___pinit__
ffffffff   binit
ffffffff   pinit

[103 symbols]
