<?xml version="1.0"?>
<link_info>
   <banner>TMS320C6x Linker PC v7.4.24</banner>
   <copyright>Copyright (c) 1996-2017 Texas Instruments Incorporated</copyright>
   <link_time>0x5b85cc0e</link_time>
   <output_file>DSP0004_MEM_EXT_PUNTERO.out</output_file>
   <entry_point>
      <name>_c_int00</name>
      <address>0xaf80</address>
   </entry_point>
   <input_file_list>
      <input_file id="fl-2">
         <path>.\</path>
         <kind>object</kind>
         <file>Vectors_poll.obj</file>
         <name>Vectors_poll.obj</name>
      </input_file>
      <input_file id="fl-3">
         <path>.\</path>
         <kind>object</kind>
         <file>main.obj</file>
         <name>main.obj</name>
      </input_file>
      <input_file id="fl-81">
         <path>C:\ti\ccsv8\tools\compiler\c6000_7.4.24\lib\</path>
         <kind>archive</kind>
         <file>rts6700.lib</file>
         <name>boot.obj</name>
      </input_file>
      <input_file id="fl-82">
         <path>C:\ti\ccsv8\tools\compiler\c6000_7.4.24\lib\</path>
         <kind>archive</kind>
         <file>rts6700.lib</file>
         <name>exit.obj</name>
      </input_file>
      <input_file id="fl-83">
         <path>C:\ti\ccsv8\tools\compiler\c6000_7.4.24\lib\</path>
         <kind>archive</kind>
         <file>rts6700.lib</file>
         <name>args_main.obj</name>
      </input_file>
      <input_file id="fl-84">
         <path>C:\ti\ccsv8\tools\compiler\c6000_7.4.24\lib\</path>
         <kind>archive</kind>
         <file>rts6700.lib</file>
         <name>autoinit.obj</name>
      </input_file>
      <input_file id="fl-85">
         <path>C:\ti\ccsv8\tools\compiler\c6000_7.4.24\lib\</path>
         <kind>archive</kind>
         <file>rts6700.lib</file>
         <name>cpp_init.obj</name>
      </input_file>
      <input_file id="fl-86">
         <path>C:\ti\ccsv8\tools\compiler\c6000_7.4.24\lib\</path>
         <kind>archive</kind>
         <file>rts6700.lib</file>
         <name>cpy_tbl.obj</name>
      </input_file>
      <input_file id="fl-87">
         <path>C:\ti\ccsv8\tools\compiler\c6000_7.4.24\lib\</path>
         <kind>archive</kind>
         <file>rts6700.lib</file>
         <name>memcpy62.obj</name>
      </input_file>
      <input_file id="fl-88">
         <path>C:\ti\C6xCSL\lib_3x\</path>
         <kind>archive</kind>
         <file>csl6713.lib</file>
         <name>csl_mcbsp.obj</name>
      </input_file>
      <input_file id="fl-89">
         <path>C:\ti\C6xCSL\lib_3x\</path>
         <kind>archive</kind>
         <file>csl6713.lib</file>
         <name>csl_irq.obj</name>
      </input_file>
      <input_file id="fl-8a">
         <path>C:\ti\DSK6713\c6000\dsk6713\lib\</path>
         <kind>archive</kind>
         <file>dsk6713bsl.lib</file>
         <name>dsk6713_aic23_opencodec.obj</name>
      </input_file>
      <input_file id="fl-8b">
         <path>C:\ti\DSK6713\c6000\dsk6713\lib\</path>
         <kind>archive</kind>
         <file>dsk6713bsl.lib</file>
         <name>dsk6713_aic23_registers.obj</name>
      </input_file>
      <input_file id="fl-8c">
         <path>C:\ti\DSK6713\c6000\dsk6713\lib\</path>
         <kind>archive</kind>
         <file>dsk6713bsl.lib</file>
         <name>dsk6713_dip.obj</name>
      </input_file>
      <input_file id="fl-8d">
         <path>C:\ti\DSK6713\c6000\dsk6713\lib\</path>
         <kind>archive</kind>
         <file>dsk6713bsl.lib</file>
         <name>dsk6713_led.obj</name>
      </input_file>
      <input_file id="fl-8e">
         <path>C:\ti\DSK6713\c6000\dsk6713\lib\</path>
         <kind>archive</kind>
         <file>dsk6713bsl.lib</file>
         <name>dsk6713.obj</name>
      </input_file>
      <input_file id="fl-8f">
         <path>C:\ti\ccsv8\tools\compiler\c6000_7.4.24\lib\</path>
         <kind>archive</kind>
         <file>rts6700.lib</file>
         <name>strasg.obj</name>
      </input_file>
   </input_file_list>
   <object_component_list>
      <object_component id="oc-11">
         <name>.vecs</name>
         <load_address>0x0</load_address>
         <run_address>0x0</run_address>
         <size>0x200</size>
         <input_file_ref idref="fl-2"/>
      </object_component>
      <object_component id="oc-65">
         <name>.text</name>
         <load_address>0x90c0</load_address>
         <run_address>0x90c0</run_address>
         <size>0xa40</size>
         <input_file_ref idref="fl-3"/>
      </object_component>
      <object_component id="oc-53">
         <name>.text</name>
         <load_address>0x9b00</load_address>
         <run_address>0x9b00</run_address>
         <size>0x480</size>
         <input_file_ref idref="fl-8e"/>
      </object_component>
      <object_component id="oc-3e">
         <name>.text</name>
         <load_address>0x9f80</load_address>
         <run_address>0x9f80</run_address>
         <size>0x300</size>
         <input_file_ref idref="fl-8a"/>
      </object_component>
      <object_component id="oc-63">
         <name>.text:_memcpy</name>
         <load_address>0xa280</load_address>
         <run_address>0xa280</run_address>
         <size>0x240</size>
         <input_file_ref idref="fl-87"/>
      </object_component>
      <object_component id="oc-4e">
         <name>.text</name>
         <load_address>0xa4c0</load_address>
         <run_address>0xa4c0</run_address>
         <size>0x1e0</size>
         <input_file_ref idref="fl-8d"/>
      </object_component>
      <object_component id="oc-67">
         <name>.text:_MCBSP_reset</name>
         <load_address>0xa6a0</load_address>
         <run_address>0xa6a0</run_address>
         <size>0x1a0</size>
         <input_file_ref idref="fl-88"/>
      </object_component>
      <object_component id="oc-44">
         <name>.text</name>
         <load_address>0xa840</load_address>
         <run_address>0xa840</run_address>
         <size>0x140</size>
         <input_file_ref idref="fl-8b"/>
      </object_component>
      <object_component id="oc-60">
         <name>.text:_MCBSP_open</name>
         <load_address>0xa980</load_address>
         <run_address>0xa980</run_address>
         <size>0x100</size>
         <input_file_ref idref="fl-88"/>
      </object_component>
      <object_component id="oc-61">
         <name>.text:_MCBSP_start</name>
         <load_address>0xaa80</load_address>
         <run_address>0xaa80</run_address>
         <size>0x100</size>
         <input_file_ref idref="fl-88"/>
      </object_component>
      <object_component id="oc-5c">
         <name>.text:__auto_init</name>
         <load_address>0xab80</load_address>
         <run_address>0xab80</run_address>
         <size>0x100</size>
         <input_file_ref idref="fl-84"/>
      </object_component>
      <object_component id="oc-5f">
         <name>.text:__strasg</name>
         <load_address>0xac80</load_address>
         <run_address>0xac80</run_address>
         <size>0xe0</size>
         <input_file_ref idref="fl-8f"/>
      </object_component>
      <object_component id="oc-5e">
         <name>.text:_exit</name>
         <load_address>0xad60</load_address>
         <run_address>0xad60</run_address>
         <size>0xe0</size>
         <input_file_ref idref="fl-82"/>
      </object_component>
      <object_component id="oc-62">
         <name>.text:_copy_in</name>
         <load_address>0xae40</load_address>
         <run_address>0xae40</run_address>
         <size>0xc0</size>
         <input_file_ref idref="fl-86"/>
      </object_component>
      <object_component id="oc-64">
         <name>.text:___TI_cpp_init</name>
         <load_address>0xaf00</load_address>
         <run_address>0xaf00</run_address>
         <size>0x80</size>
         <input_file_ref idref="fl-85"/>
      </object_component>
      <object_component id="oc-f">
         <name>.text:_c_int00</name>
         <load_address>0xaf80</load_address>
         <run_address>0xaf80</run_address>
         <size>0x80</size>
         <input_file_ref idref="fl-81"/>
      </object_component>
      <object_component id="oc-4a">
         <name>.text</name>
         <load_address>0xb000</load_address>
         <run_address>0xb000</run_address>
         <size>0x80</size>
         <input_file_ref idref="fl-8c"/>
      </object_component>
      <object_component id="oc-5d">
         <name>.text:__args_main</name>
         <load_address>0xb080</load_address>
         <run_address>0xb080</run_address>
         <size>0x40</size>
         <input_file_ref idref="fl-83"/>
      </object_component>
      <object_component id="oc-10">
         <name>.text</name>
         <load_address>0xb0c0</load_address>
         <run_address>0xb0c0</run_address>
         <size>0x20</size>
         <input_file_ref idref="fl-2"/>
      </object_component>
      <object_component id="oc-69">
         <name>.text:_MCBSP_read</name>
         <load_address>0xb0e0</load_address>
         <run_address>0xb0e0</run_address>
         <size>0x20</size>
         <input_file_ref idref="fl-88"/>
      </object_component>
      <object_component id="oc-68">
         <name>.text:_MCBSP_rrdy</name>
         <load_address>0xb100</load_address>
         <run_address>0xb100</run_address>
         <size>0x20</size>
         <input_file_ref idref="fl-88"/>
      </object_component>
      <object_component id="oc-6b">
         <name>.text:_MCBSP_write</name>
         <load_address>0xb120</load_address>
         <run_address>0xb120</run_address>
         <size>0x20</size>
         <input_file_ref idref="fl-88"/>
      </object_component>
      <object_component id="oc-6a">
         <name>.text:_MCBSP_xrdy</name>
         <load_address>0xb140</load_address>
         <run_address>0xb140</run_address>
         <size>0x20</size>
         <input_file_ref idref="fl-88"/>
      </object_component>
      <object_component id="oc-66">
         <name>.text:_abort</name>
         <load_address>0xb160</load_address>
         <run_address>0xb160</run_address>
         <size>0x20</size>
         <input_file_ref idref="fl-82"/>
      </object_component>
      <object_component id="oc-38">
         <name>.text</name>
         <load_address>0xb180</load_address>
         <run_address>0xb180</run_address>
         <size>0x20</size>
         <input_file_ref idref="fl-89"/>
      </object_component>
      <object_component id="oc-39">
         <name>.cinit</name>
         <load_address>0xb9a0</load_address>
         <run_address>0xb9a0</run_address>
         <size>0x12c</size>
         <input_file_ref idref="fl-89"/>
      </object_component>
      <object_component id="oc-16">
         <name>.cinit</name>
         <load_address>0xbad0</load_address>
         <run_address>0xbad0</run_address>
         <size>0x118</size>
         <input_file_ref idref="fl-3"/>
      </object_component>
      <object_component id="oc-33">
         <name>.cinit</name>
         <load_address>0xbbe8</load_address>
         <run_address>0xbbe8</run_address>
         <size>0x54</size>
         <input_file_ref idref="fl-88"/>
      </object_component>
      <object_component id="oc-45">
         <name>.cinit</name>
         <load_address>0xbc40</load_address>
         <run_address>0xbc40</run_address>
         <size>0x30</size>
         <input_file_ref idref="fl-8b"/>
      </object_component>
      <object_component id="oc-20">
         <name>.cinit</name>
         <load_address>0xbc70</load_address>
         <run_address>0xbc70</run_address>
         <size>0x2c</size>
         <input_file_ref idref="fl-82"/>
      </object_component>
      <object_component id="oc-1c">
         <name>.stack</name>
         <uninitialized>true</uninitialized>
         <run_address>0xb1a0</run_address>
         <size>0x8</size>
         <input_file_ref idref="fl-81"/>
      </object_component>
      <object_component id="oc-82">
         <name>.stack</name>
         <uninitialized>true</uninitialized>
         <run_address>0xb1a0</run_address>
         <size>0x0</size>
      </object_component>
      <object_component id="oc-40">
         <name>.const</name>
         <load_address>0xbca4</load_address>
         <run_address>0xbca4</run_address>
         <size>0x40</size>
         <input_file_ref idref="fl-8a"/>
      </object_component>
      <object_component id="oc-55">
         <name>.const</name>
         <load_address>0xbce4</load_address>
         <run_address>0xbce4</run_address>
         <size>0x20</size>
         <input_file_ref idref="fl-8e"/>
      </object_component>
      <object_component id="oc-17">
         <name>.far</name>
         <uninitialized>true</uninitialized>
         <run_address>0x220</run_address>
         <size>0x8d28</size>
         <input_file_ref idref="fl-3"/>
      </object_component>
      <object_component id="oc-21">
         <name>.far</name>
         <uninitialized>true</uninitialized>
         <run_address>0x909c</run_address>
         <size>0xc</size>
         <input_file_ref idref="fl-82"/>
      </object_component>
      <object_component id="oc-34">
         <name>.far</name>
         <uninitialized>true</uninitialized>
         <run_address>0x903c</run_address>
         <size>0x38</size>
         <input_file_ref idref="fl-88"/>
      </object_component>
      <object_component id="oc-3a">
         <name>.far</name>
         <uninitialized>true</uninitialized>
         <run_address>0x8f48</run_address>
         <size>0xf4</size>
         <input_file_ref idref="fl-89"/>
      </object_component>
      <object_component id="oc-3f">
         <name>.far</name>
         <uninitialized>true</uninitialized>
         <run_address>0x90a8</run_address>
         <size>0x8</size>
         <input_file_ref idref="fl-8a"/>
      </object_component>
      <object_component id="oc-46">
         <name>.far</name>
         <uninitialized>true</uninitialized>
         <run_address>0x9074</run_address>
         <size>0x28</size>
         <input_file_ref idref="fl-8b"/>
      </object_component>
      <object_component id="oc-4f">
         <name>.far</name>
         <uninitialized>true</uninitialized>
         <run_address>0x90b2</run_address>
         <size>0x2</size>
         <input_file_ref idref="fl-8d"/>
      </object_component>
      <object_component id="oc-54">
         <name>.far</name>
         <uninitialized>true</uninitialized>
         <run_address>0x90b0</run_address>
         <size>0x2</size>
         <input_file_ref idref="fl-8e"/>
      </object_component>
      <object_component id="oc-12">
         <name>.debug_info</name>
         <load_address>0x0</load_address>
         <run_address>0x0</run_address>
         <size>0x10e</size>
         <input_file_ref idref="fl-2"/>
      </object_component>
      <object_component id="oc-15">
         <name>.debug_info</name>
         <load_address>0x10e</load_address>
         <run_address>0x10e</run_address>
         <size>0x1540</size>
         <input_file_ref idref="fl-3"/>
      </object_component>
      <object_component id="oc-1b">
         <name>.debug_info</name>
         <load_address>0x164e</load_address>
         <run_address>0x164e</run_address>
         <size>0x70c</size>
         <input_file_ref idref="fl-81"/>
      </object_component>
      <object_component id="oc-1f">
         <name>.debug_info</name>
         <load_address>0x1d5a</load_address>
         <run_address>0x1d5a</run_address>
         <size>0x7e9</size>
         <input_file_ref idref="fl-82"/>
      </object_component>
      <object_component id="oc-24">
         <name>.debug_info</name>
         <load_address>0x2543</load_address>
         <run_address>0x2543</run_address>
         <size>0x6e2</size>
         <input_file_ref idref="fl-83"/>
      </object_component>
      <object_component id="oc-27">
         <name>.debug_info</name>
         <load_address>0x2c25</load_address>
         <run_address>0x2c25</run_address>
         <size>0x85b</size>
         <input_file_ref idref="fl-84"/>
      </object_component>
      <object_component id="oc-2a">
         <name>.debug_info</name>
         <load_address>0x3480</load_address>
         <run_address>0x3480</run_address>
         <size>0x6d3</size>
         <input_file_ref idref="fl-85"/>
      </object_component>
      <object_component id="oc-2d">
         <name>.debug_info</name>
         <load_address>0x3b53</load_address>
         <run_address>0x3b53</run_address>
         <size>0x7c9</size>
         <input_file_ref idref="fl-86"/>
      </object_component>
      <object_component id="oc-30">
         <name>.debug_info</name>
         <load_address>0x431c</load_address>
         <run_address>0x431c</run_address>
         <size>0x765</size>
         <input_file_ref idref="fl-87"/>
      </object_component>
      <object_component id="oc-36">
         <name>.debug_info</name>
         <load_address>0x4a81</load_address>
         <run_address>0x4a81</run_address>
         <size>0xd59</size>
         <input_file_ref idref="fl-88"/>
      </object_component>
      <object_component id="oc-3c">
         <name>.debug_info</name>
         <load_address>0x57da</load_address>
         <run_address>0x57da</run_address>
         <size>0x802</size>
         <input_file_ref idref="fl-89"/>
      </object_component>
      <object_component id="oc-42">
         <name>.debug_info</name>
         <load_address>0x5fdc</load_address>
         <run_address>0x5fdc</run_address>
         <size>0x89f</size>
         <input_file_ref idref="fl-8a"/>
      </object_component>
      <object_component id="oc-48">
         <name>.debug_info</name>
         <load_address>0x687b</load_address>
         <run_address>0x687b</run_address>
         <size>0x929</size>
         <input_file_ref idref="fl-8b"/>
      </object_component>
      <object_component id="oc-4c">
         <name>.debug_info</name>
         <load_address>0x71a4</load_address>
         <run_address>0x71a4</run_address>
         <size>0x4c3</size>
         <input_file_ref idref="fl-8c"/>
      </object_component>
      <object_component id="oc-51">
         <name>.debug_info</name>
         <load_address>0x7667</load_address>
         <run_address>0x7667</run_address>
         <size>0x60b</size>
         <input_file_ref idref="fl-8d"/>
      </object_component>
      <object_component id="oc-57">
         <name>.debug_info</name>
         <load_address>0x7c72</load_address>
         <run_address>0x7c72</run_address>
         <size>0x8a7</size>
         <input_file_ref idref="fl-8e"/>
      </object_component>
      <object_component id="oc-59">
         <name>.debug_info</name>
         <load_address>0x8519</load_address>
         <run_address>0x8519</run_address>
         <size>0xd7</size>
         <input_file_ref idref="fl-8f"/>
      </object_component>
      <object_component id="oc-83">
         <name>.debug_info</name>
         <load_address>0x85f0</load_address>
         <run_address>0x85f0</run_address>
         <size>0x6e</size>
      </object_component>
      <object_component id="oc-13">
         <name>.debug_line</name>
         <load_address>0x0</load_address>
         <run_address>0x0</run_address>
         <size>0xcd</size>
         <input_file_ref idref="fl-2"/>
      </object_component>
      <object_component id="oc-19">
         <name>.debug_line</name>
         <load_address>0xcd</load_address>
         <run_address>0xcd</run_address>
         <size>0x1b1</size>
         <input_file_ref idref="fl-3"/>
      </object_component>
      <object_component id="oc-1d">
         <name>.debug_line</name>
         <load_address>0x27e</load_address>
         <run_address>0x27e</run_address>
         <size>0x3d</size>
         <input_file_ref idref="fl-81"/>
      </object_component>
      <object_component id="oc-22">
         <name>.debug_line</name>
         <load_address>0x2bb</load_address>
         <run_address>0x2bb</run_address>
         <size>0x4f</size>
         <input_file_ref idref="fl-82"/>
      </object_component>
      <object_component id="oc-25">
         <name>.debug_line</name>
         <load_address>0x30a</load_address>
         <run_address>0x30a</run_address>
         <size>0x41</size>
         <input_file_ref idref="fl-83"/>
      </object_component>
      <object_component id="oc-28">
         <name>.debug_line</name>
         <load_address>0x34b</load_address>
         <run_address>0x34b</run_address>
         <size>0x47</size>
         <input_file_ref idref="fl-84"/>
      </object_component>
      <object_component id="oc-2b">
         <name>.debug_line</name>
         <load_address>0x392</load_address>
         <run_address>0x392</run_address>
         <size>0x45</size>
         <input_file_ref idref="fl-85"/>
      </object_component>
      <object_component id="oc-2e">
         <name>.debug_line</name>
         <load_address>0x3d7</load_address>
         <run_address>0x3d7</run_address>
         <size>0x44</size>
         <input_file_ref idref="fl-86"/>
      </object_component>
      <object_component id="oc-31">
         <name>.debug_line</name>
         <load_address>0x41b</load_address>
         <run_address>0x41b</run_address>
         <size>0x4e</size>
         <input_file_ref idref="fl-87"/>
      </object_component>
      <object_component id="oc-37">
         <name>.debug_line</name>
         <load_address>0x469</load_address>
         <run_address>0x469</run_address>
         <size>0x113</size>
         <input_file_ref idref="fl-88"/>
      </object_component>
      <object_component id="oc-3d">
         <name>.debug_line</name>
         <load_address>0x57c</load_address>
         <run_address>0x57c</run_address>
         <size>0x64</size>
         <input_file_ref idref="fl-89"/>
      </object_component>
      <object_component id="oc-43">
         <name>.debug_line</name>
         <load_address>0x5e0</load_address>
         <run_address>0x5e0</run_address>
         <size>0x4f</size>
         <input_file_ref idref="fl-8a"/>
      </object_component>
      <object_component id="oc-49">
         <name>.debug_line</name>
         <load_address>0x62f</load_address>
         <run_address>0x62f</run_address>
         <size>0x7e</size>
         <input_file_ref idref="fl-8b"/>
      </object_component>
      <object_component id="oc-4d">
         <name>.debug_line</name>
         <load_address>0x6ad</load_address>
         <run_address>0x6ad</run_address>
         <size>0x51</size>
         <input_file_ref idref="fl-8c"/>
      </object_component>
      <object_component id="oc-52">
         <name>.debug_line</name>
         <load_address>0x6fe</load_address>
         <run_address>0x6fe</run_address>
         <size>0x7b</size>
         <input_file_ref idref="fl-8d"/>
      </object_component>
      <object_component id="oc-58">
         <name>.debug_line</name>
         <load_address>0x779</load_address>
         <run_address>0x779</run_address>
         <size>0xb2</size>
         <input_file_ref idref="fl-8e"/>
      </object_component>
      <object_component id="oc-5a">
         <name>.debug_line</name>
         <load_address>0x82b</load_address>
         <run_address>0x82b</run_address>
         <size>0x48</size>
         <input_file_ref idref="fl-8f"/>
      </object_component>
      <object_component id="oc-14">
         <name>.debug_abbrev</name>
         <load_address>0x0</load_address>
         <run_address>0x0</run_address>
         <size>0x21</size>
         <input_file_ref idref="fl-2"/>
      </object_component>
      <object_component id="oc-1a">
         <name>.debug_abbrev</name>
         <load_address>0x21</load_address>
         <run_address>0x21</run_address>
         <size>0x17c</size>
         <input_file_ref idref="fl-3"/>
      </object_component>
      <object_component id="oc-1e">
         <name>.debug_abbrev</name>
         <load_address>0x19d</load_address>
         <run_address>0x19d</run_address>
         <size>0xfe</size>
         <input_file_ref idref="fl-81"/>
      </object_component>
      <object_component id="oc-23">
         <name>.debug_abbrev</name>
         <load_address>0x29b</load_address>
         <run_address>0x29b</run_address>
         <size>0x119</size>
         <input_file_ref idref="fl-82"/>
      </object_component>
      <object_component id="oc-26">
         <name>.debug_abbrev</name>
         <load_address>0x3b4</load_address>
         <run_address>0x3b4</run_address>
         <size>0xe1</size>
         <input_file_ref idref="fl-83"/>
      </object_component>
      <object_component id="oc-29">
         <name>.debug_abbrev</name>
         <load_address>0x495</load_address>
         <run_address>0x495</run_address>
         <size>0x13f</size>
         <input_file_ref idref="fl-84"/>
      </object_component>
      <object_component id="oc-2c">
         <name>.debug_abbrev</name>
         <load_address>0x5d4</load_address>
         <run_address>0x5d4</run_address>
         <size>0xdd</size>
         <input_file_ref idref="fl-85"/>
      </object_component>
      <object_component id="oc-2f">
         <name>.debug_abbrev</name>
         <load_address>0x6b1</load_address>
         <run_address>0x6b1</run_address>
         <size>0x10c</size>
         <input_file_ref idref="fl-86"/>
      </object_component>
      <object_component id="oc-32">
         <name>.debug_abbrev</name>
         <load_address>0x7bd</load_address>
         <run_address>0x7bd</run_address>
         <size>0xd5</size>
         <input_file_ref idref="fl-87"/>
      </object_component>
      <object_component id="oc-35">
         <name>.debug_abbrev</name>
         <load_address>0x892</load_address>
         <run_address>0x892</run_address>
         <size>0x1a3</size>
         <input_file_ref idref="fl-88"/>
      </object_component>
      <object_component id="oc-3b">
         <name>.debug_abbrev</name>
         <load_address>0xa35</load_address>
         <run_address>0xa35</run_address>
         <size>0x1b7</size>
         <input_file_ref idref="fl-89"/>
      </object_component>
      <object_component id="oc-41">
         <name>.debug_abbrev</name>
         <load_address>0xbec</load_address>
         <run_address>0xbec</run_address>
         <size>0x126</size>
         <input_file_ref idref="fl-8a"/>
      </object_component>
      <object_component id="oc-47">
         <name>.debug_abbrev</name>
         <load_address>0xd12</load_address>
         <run_address>0xd12</run_address>
         <size>0x14e</size>
         <input_file_ref idref="fl-8b"/>
      </object_component>
      <object_component id="oc-4b">
         <name>.debug_abbrev</name>
         <load_address>0xe60</load_address>
         <run_address>0xe60</run_address>
         <size>0xcf</size>
         <input_file_ref idref="fl-8c"/>
      </object_component>
      <object_component id="oc-50">
         <name>.debug_abbrev</name>
         <load_address>0xf2f</load_address>
         <run_address>0xf2f</run_address>
         <size>0xd8</size>
         <input_file_ref idref="fl-8d"/>
      </object_component>
      <object_component id="oc-56">
         <name>.debug_abbrev</name>
         <load_address>0x1007</load_address>
         <run_address>0x1007</run_address>
         <size>0x196</size>
         <input_file_ref idref="fl-8e"/>
      </object_component>
      <object_component id="oc-5b">
         <name>.debug_abbrev</name>
         <load_address>0x119d</load_address>
         <run_address>0x119d</run_address>
         <size>0x3b</size>
         <input_file_ref idref="fl-8f"/>
      </object_component>
      <object_component id="oc-84">
         <name>.debug_abbrev</name>
         <load_address>0x11d8</load_address>
         <run_address>0x11d8</run_address>
         <size>0xd</size>
      </object_component>
      <object_component id="oc-18">
         <name>.debug_frame</name>
         <load_address>0x0</load_address>
         <run_address>0x0</run_address>
         <size>0x25c</size>
         <input_file_ref idref="fl-3"/>
      </object_component>
   </object_component_list>
   <logical_group_list>
      <logical_group id="lg-2">
         <name>.EXT_RAM</name>
         <run_address>0x0</run_address>
         <size>0x0</size>
         <contents>
         </contents>
      </logical_group>
      <logical_group id="lg-3">
         <name>.EXT_RAM</name>
         <run_address>0x0</run_address>
         <size>0x0</size>
         <contents>
         </contents>
      </logical_group>
      <logical_group id="lg-4">
         <name>.vecs</name>
         <load_address>0x0</load_address>
         <run_address>0x0</run_address>
         <size>0x200</size>
         <contents>
            <object_component_ref idref="oc-11"/>
         </contents>
      </logical_group>
      <logical_group id="lg-5">
         <name>.text</name>
         <load_address>0x90c0</load_address>
         <run_address>0x90c0</run_address>
         <size>0x20e0</size>
         <contents>
            <object_component_ref idref="oc-65"/>
            <object_component_ref idref="oc-53"/>
            <object_component_ref idref="oc-3e"/>
            <object_component_ref idref="oc-63"/>
            <object_component_ref idref="oc-4e"/>
            <object_component_ref idref="oc-67"/>
            <object_component_ref idref="oc-44"/>
            <object_component_ref idref="oc-60"/>
            <object_component_ref idref="oc-61"/>
            <object_component_ref idref="oc-5c"/>
            <object_component_ref idref="oc-5f"/>
            <object_component_ref idref="oc-5e"/>
            <object_component_ref idref="oc-62"/>
            <object_component_ref idref="oc-64"/>
            <object_component_ref idref="oc-f"/>
            <object_component_ref idref="oc-4a"/>
            <object_component_ref idref="oc-5d"/>
            <object_component_ref idref="oc-10"/>
            <object_component_ref idref="oc-69"/>
            <object_component_ref idref="oc-68"/>
            <object_component_ref idref="oc-6b"/>
            <object_component_ref idref="oc-6a"/>
            <object_component_ref idref="oc-66"/>
            <object_component_ref idref="oc-38"/>
         </contents>
      </logical_group>
      <logical_group id="lg-6">
         <name>.bss</name>
         <run_address>0x220</run_address>
         <size>0x0</size>
         <contents>
         </contents>
      </logical_group>
      <logical_group id="lg-7">
         <name>.cinit</name>
         <load_address>0xb9a0</load_address>
         <run_address>0xb9a0</run_address>
         <size>0x304</size>
         <contents>
            <object_component_ref idref="oc-39"/>
            <object_component_ref idref="oc-16"/>
            <object_component_ref idref="oc-33"/>
            <object_component_ref idref="oc-45"/>
            <object_component_ref idref="oc-20"/>
         </contents>
      </logical_group>
      <logical_group id="lg-8">
         <name>.stack</name>
         <run_address>0xb1a0</run_address>
         <size>0x800</size>
         <contents>
            <object_component_ref idref="oc-1c"/>
            <object_component_ref idref="oc-82"/>
         </contents>
      </logical_group>
      <logical_group id="lg-9">
         <name>.sysmem</name>
         <run_address>0x0</run_address>
         <size>0x0</size>
         <contents>
         </contents>
      </logical_group>
      <logical_group id="lg-a">
         <name>.const</name>
         <load_address>0xbca4</load_address>
         <run_address>0xbca4</run_address>
         <size>0x60</size>
         <contents>
            <object_component_ref idref="oc-40"/>
            <object_component_ref idref="oc-55"/>
         </contents>
      </logical_group>
      <logical_group id="lg-b">
         <name>.switch</name>
         <run_address>0x0</run_address>
         <size>0x0</size>
         <contents>
         </contents>
      </logical_group>
      <logical_group id="lg-c">
         <name>.far</name>
         <run_address>0x220</run_address>
         <size>0x8e94</size>
         <contents>
            <object_component_ref idref="oc-17"/>
            <object_component_ref idref="oc-21"/>
            <object_component_ref idref="oc-34"/>
            <object_component_ref idref="oc-3a"/>
            <object_component_ref idref="oc-3f"/>
            <object_component_ref idref="oc-46"/>
            <object_component_ref idref="oc-4f"/>
            <object_component_ref idref="oc-54"/>
         </contents>
      </logical_group>
      <logical_group id="lg-d">
         <name>.cio</name>
         <run_address>0x0</run_address>
         <size>0x0</size>
         <contents>
         </contents>
      </logical_group>
      <logical_group id="lg-e">
         <name>.csldata</name>
         <run_address>0x0</run_address>
         <size>0x0</size>
         <contents>
         </contents>
      </logical_group>
      <logical_group id="lg-79">
         <name>.debug_info</name>
         <load_address>0x0</load_address>
         <run_address>0x0</run_address>
         <size>0x865e</size>
         <contents>
            <object_component_ref idref="oc-12"/>
            <object_component_ref idref="oc-15"/>
            <object_component_ref idref="oc-1b"/>
            <object_component_ref idref="oc-1f"/>
            <object_component_ref idref="oc-24"/>
            <object_component_ref idref="oc-27"/>
            <object_component_ref idref="oc-2a"/>
            <object_component_ref idref="oc-2d"/>
            <object_component_ref idref="oc-30"/>
            <object_component_ref idref="oc-36"/>
            <object_component_ref idref="oc-3c"/>
            <object_component_ref idref="oc-42"/>
            <object_component_ref idref="oc-48"/>
            <object_component_ref idref="oc-4c"/>
            <object_component_ref idref="oc-51"/>
            <object_component_ref idref="oc-57"/>
            <object_component_ref idref="oc-59"/>
            <object_component_ref idref="oc-83"/>
         </contents>
      </logical_group>
      <logical_group id="lg-7b">
         <name>.debug_line</name>
         <load_address>0x0</load_address>
         <run_address>0x0</run_address>
         <size>0x873</size>
         <contents>
            <object_component_ref idref="oc-13"/>
            <object_component_ref idref="oc-19"/>
            <object_component_ref idref="oc-1d"/>
            <object_component_ref idref="oc-22"/>
            <object_component_ref idref="oc-25"/>
            <object_component_ref idref="oc-28"/>
            <object_component_ref idref="oc-2b"/>
            <object_component_ref idref="oc-2e"/>
            <object_component_ref idref="oc-31"/>
            <object_component_ref idref="oc-37"/>
            <object_component_ref idref="oc-3d"/>
            <object_component_ref idref="oc-43"/>
            <object_component_ref idref="oc-49"/>
            <object_component_ref idref="oc-4d"/>
            <object_component_ref idref="oc-52"/>
            <object_component_ref idref="oc-58"/>
            <object_component_ref idref="oc-5a"/>
         </contents>
      </logical_group>
      <logical_group id="lg-7d">
         <name>.debug_abbrev</name>
         <load_address>0x0</load_address>
         <run_address>0x0</run_address>
         <size>0x11e5</size>
         <contents>
            <object_component_ref idref="oc-14"/>
            <object_component_ref idref="oc-1a"/>
            <object_component_ref idref="oc-1e"/>
            <object_component_ref idref="oc-23"/>
            <object_component_ref idref="oc-26"/>
            <object_component_ref idref="oc-29"/>
            <object_component_ref idref="oc-2c"/>
            <object_component_ref idref="oc-2f"/>
            <object_component_ref idref="oc-32"/>
            <object_component_ref idref="oc-35"/>
            <object_component_ref idref="oc-3b"/>
            <object_component_ref idref="oc-41"/>
            <object_component_ref idref="oc-47"/>
            <object_component_ref idref="oc-4b"/>
            <object_component_ref idref="oc-50"/>
            <object_component_ref idref="oc-56"/>
            <object_component_ref idref="oc-5b"/>
            <object_component_ref idref="oc-84"/>
         </contents>
      </logical_group>
      <logical_group id="lg-7f">
         <name>.debug_frame</name>
         <load_address>0x0</load_address>
         <run_address>0x0</run_address>
         <size>0x25c</size>
         <contents>
            <object_component_ref idref="oc-18"/>
         </contents>
      </logical_group>
   </logical_group_list>
   <placement_map>
      <memory_area>
         <name>IVECS</name>
         <page_id>0x0</page_id>
         <origin>0x0</origin>
         <length>0x220</length>
         <used_space>0x200</used_space>
         <unused_space>0x20</unused_space>
         <attributes>RWIX</attributes>
         <usage_details>
            <allocated_space>
               <start_address>0x0</start_address>
               <size>0x200</size>
               <logical_group_ref idref="lg-4"/>
            </allocated_space>
            <available_space>
               <start_address>0x200</start_address>
               <size>0x20</size>
            </available_space>
         </usage_details>
      </memory_area>
      <memory_area>
         <name>IRAM</name>
         <page_id>0x0</page_id>
         <origin>0x220</origin>
         <length>0x2fde0</length>
         <used_space>0xbad8</used_space>
         <unused_space>0x24308</unused_space>
         <attributes>RWIX</attributes>
         <usage_details>
            <allocated_space>
               <start_address>0x220</start_address>
               <size>0x0</size>
               <logical_group_ref idref="lg-6"/>
            </allocated_space>
            <allocated_space>
               <start_address>0x220</start_address>
               <size>0x8e94</size>
               <logical_group_ref idref="lg-c"/>
            </allocated_space>
            <available_space>
               <start_address>0x90b4</start_address>
               <size>0xc</size>
            </available_space>
            <allocated_space>
               <start_address>0x90c0</start_address>
               <size>0x20e0</size>
               <logical_group_ref idref="lg-5"/>
            </allocated_space>
            <allocated_space>
               <start_address>0xb1a0</start_address>
               <size>0x800</size>
               <logical_group_ref idref="lg-8"/>
            </allocated_space>
            <allocated_space>
               <start_address>0xb9a0</start_address>
               <size>0x304</size>
               <logical_group_ref idref="lg-7"/>
            </allocated_space>
            <allocated_space>
               <start_address>0xbca4</start_address>
               <size>0x60</size>
               <logical_group_ref idref="lg-a"/>
            </allocated_space>
            <available_space>
               <start_address>0xbd04</start_address>
               <size>0x242fc</size>
            </available_space>
         </usage_details>
      </memory_area>
      <memory_area>
         <name>SDRAM</name>
         <page_id>0x0</page_id>
         <origin>0x80000000</origin>
         <length>0x400000</length>
         <used_space>0x0</used_space>
         <unused_space>0x400000</unused_space>
         <attributes>RWIX</attributes>
         <usage_details>
         </usage_details>
      </memory_area>
      <memory_area>
         <name>SDRAM2</name>
         <page_id>0x0</page_id>
         <origin>0x80400000</origin>
         <length>0x400000</length>
         <used_space>0x0</used_space>
         <unused_space>0x400000</unused_space>
         <attributes>RWIX</attributes>
         <usage_details>
         </usage_details>
      </memory_area>
      <memory_area>
         <name>FLASH</name>
         <page_id>0x0</page_id>
         <origin>0x90000000</origin>
         <length>0x20000</length>
         <used_space>0x0</used_space>
         <unused_space>0x20000</unused_space>
         <attributes>RWIX</attributes>
         <usage_details>
         </usage_details>
      </memory_area>
   </placement_map>
   <symbol_table>
      <symbol id="sm-0">
         <name>cinit</name>
         <value>0xb9a0</value>
      </symbol>
      <symbol id="sm-1">
         <name>___cinit__</name>
         <value>0xb9a0</value>
      </symbol>
      <symbol id="sm-2">
         <name>pinit</name>
         <value>0xffffffff</value>
      </symbol>
      <symbol id="sm-3">
         <name>___pinit__</name>
         <value>0xffffffff</value>
      </symbol>
      <symbol id="sm-4">
         <name>binit</name>
         <value>0xffffffff</value>
      </symbol>
      <symbol id="sm-5">
         <name>___binit__</name>
         <value>0xffffffff</value>
      </symbol>
      <symbol id="sm-6">
         <name>__STACK_SIZE</name>
         <value>0x800</value>
      </symbol>
      <symbol id="sm-7">
         <name>__STACK_END</name>
         <value>0xb9a0</value>
      </symbol>
      <symbol id="sm-8">
         <name>___c_args__</name>
         <value>0xffffffff</value>
      </symbol>
      <symbol id="sm-9">
         <name>.text</name>
         <value>0x90c0</value>
      </symbol>
      <symbol id="sm-a">
         <name>___text__</name>
         <value>0x90c0</value>
      </symbol>
      <symbol id="sm-b">
         <name>etext</name>
         <value>0xb1a0</value>
      </symbol>
      <symbol id="sm-c">
         <name>___etext__</name>
         <value>0xb1a0</value>
      </symbol>
      <symbol id="sm-d">
         <name>.bss</name>
         <value>0x220</value>
      </symbol>
      <symbol id="sm-e">
         <name>___bss__</name>
         <value>0x220</value>
      </symbol>
      <symbol id="sm-f">
         <name>end</name>
         <value>0x220</value>
      </symbol>
      <symbol id="sm-10">
         <name>___end__</name>
         <value>0x220</value>
      </symbol>
      <symbol id="sm-11">
         <name>___TI_pprof_out_hndl</name>
         <value>0xffffffff</value>
      </symbol>
      <symbol id="sm-12">
         <name>___TI_prof_data_start</name>
         <value>0xffffffff</value>
      </symbol>
      <symbol id="sm-13">
         <name>___TI_prof_data_size</name>
         <value>0xffffffff</value>
      </symbol>
      <symbol id="sm-14">
         <name>$bss</name>
         <value>0x220</value>
      </symbol>
      <symbol id="sm-42">
         <name>_vector10</name>
         <value>0x140</value>
         <object_component_ref idref="oc-11"/>
      </symbol>
      <symbol id="sm-43">
         <name>_vector11</name>
         <value>0x160</value>
         <object_component_ref idref="oc-11"/>
      </symbol>
      <symbol id="sm-44">
         <name>_vector12</name>
         <value>0x180</value>
         <object_component_ref idref="oc-11"/>
      </symbol>
      <symbol id="sm-45">
         <name>_vector13</name>
         <value>0x1a0</value>
         <object_component_ref idref="oc-11"/>
      </symbol>
      <symbol id="sm-46">
         <name>_vector14</name>
         <value>0x1c0</value>
         <object_component_ref idref="oc-11"/>
      </symbol>
      <symbol id="sm-47">
         <name>_vector15</name>
         <value>0x1e0</value>
         <object_component_ref idref="oc-11"/>
      </symbol>
      <symbol id="sm-48">
         <name>_vectors</name>
         <value>0x0</value>
         <object_component_ref idref="oc-11"/>
      </symbol>
      <symbol id="sm-49">
         <name>_vector1</name>
         <value>0x20</value>
         <object_component_ref idref="oc-11"/>
      </symbol>
      <symbol id="sm-4a">
         <name>_vector3</name>
         <value>0x60</value>
         <object_component_ref idref="oc-11"/>
      </symbol>
      <symbol id="sm-4b">
         <name>_vector2</name>
         <value>0x40</value>
         <object_component_ref idref="oc-11"/>
      </symbol>
      <symbol id="sm-4c">
         <name>_vector5</name>
         <value>0xa0</value>
         <object_component_ref idref="oc-11"/>
      </symbol>
      <symbol id="sm-4d">
         <name>_vector4</name>
         <value>0x80</value>
         <object_component_ref idref="oc-11"/>
      </symbol>
      <symbol id="sm-4e">
         <name>_vector7</name>
         <value>0xe0</value>
         <object_component_ref idref="oc-11"/>
      </symbol>
      <symbol id="sm-4f">
         <name>_vector6</name>
         <value>0xc0</value>
         <object_component_ref idref="oc-11"/>
      </symbol>
      <symbol id="sm-50">
         <name>_vector9</name>
         <value>0x120</value>
         <object_component_ref idref="oc-11"/>
      </symbol>
      <symbol id="sm-51">
         <name>_vector8</name>
         <value>0x100</value>
         <object_component_ref idref="oc-11"/>
      </symbol>
      <symbol id="sm-d6">
         <name>_main</name>
         <value>0x90c0</value>
         <object_component_ref idref="oc-65"/>
      </symbol>
      <symbol id="sm-d7">
         <name>_entrada</name>
         <value>0x220</value>
         <object_component_ref idref="oc-17"/>
      </symbol>
      <symbol id="sm-d8">
         <name>_lb3</name>
         <value>0x8edc</value>
         <object_component_ref idref="oc-17"/>
      </symbol>
      <symbol id="sm-d9">
         <name>_lb2</name>
         <value>0x8eda</value>
         <object_component_ref idref="oc-17"/>
      </symbol>
      <symbol id="sm-da">
         <name>_buffer3</name>
         <value>0x4874</value>
         <object_component_ref idref="oc-17"/>
      </symbol>
      <symbol id="sm-db">
         <name>_buffer2</name>
         <value>0x1994</value>
         <object_component_ref idref="oc-17"/>
      </symbol>
      <symbol id="sm-dc">
         <name>_config</name>
         <value>0x8f1c</value>
         <object_component_ref idref="oc-17"/>
      </symbol>
      <symbol id="sm-dd">
         <name>_var</name>
         <value>0x8ee8</value>
         <object_component_ref idref="oc-17"/>
      </symbol>
      <symbol id="sm-de">
         <name>_x_ptr2</name>
         <value>0x8ef0</value>
         <object_component_ref idref="oc-17"/>
      </symbol>
      <symbol id="sm-df">
         <name>_lb</name>
         <value>0x8ed8</value>
         <object_component_ref idref="oc-17"/>
      </symbol>
      <symbol id="sm-e0">
         <name>_x_ptr</name>
         <value>0x8eec</value>
         <object_component_ref idref="oc-17"/>
      </symbol>
      <symbol id="sm-e1">
         <name>_amplitud2</name>
         <value>0x8ed0</value>
         <object_component_ref idref="oc-17"/>
      </symbol>
      <symbol id="sm-e2">
         <name>_amplitud3</name>
         <value>0x8ed4</value>
         <object_component_ref idref="oc-17"/>
      </symbol>
      <symbol id="sm-e3">
         <name>_fs</name>
         <value>0x8ee0</value>
         <object_component_ref idref="oc-17"/>
      </symbol>
      <symbol id="sm-e4">
         <name>_AIC_data</name>
         <value>0x8ef4</value>
         <object_component_ref idref="oc-17"/>
      </symbol>
      <symbol id="sm-e5">
         <name>_buffer</name>
         <value>0x224</value>
         <object_component_ref idref="oc-17"/>
      </symbol>
      <symbol id="sm-e6">
         <name>_salida</name>
         <value>0x222</value>
         <object_component_ref idref="oc-17"/>
      </symbol>
      <symbol id="sm-e7">
         <name>_hAIC23_handle</name>
         <value>0x8f44</value>
         <object_component_ref idref="oc-17"/>
      </symbol>
      <symbol id="sm-e8">
         <name>_AIC23CfgData</name>
         <value>0x8efc</value>
         <object_component_ref idref="oc-17"/>
      </symbol>
      <symbol id="sm-e9">
         <name>_k</name>
         <value>0x8ec8</value>
         <object_component_ref idref="oc-17"/>
      </symbol>
      <symbol id="sm-ea">
         <name>_j</name>
         <value>0x8ec6</value>
         <object_component_ref idref="oc-17"/>
      </symbol>
      <symbol id="sm-eb">
         <name>_i</name>
         <value>0x8ee4</value>
         <object_component_ref idref="oc-17"/>
      </symbol>
      <symbol id="sm-ec">
         <name>_e</name>
         <value>0x8ec4</value>
         <object_component_ref idref="oc-17"/>
      </symbol>
      <symbol id="sm-ed">
         <name>_amplitud</name>
         <value>0x8ecc</value>
         <object_component_ref idref="oc-17"/>
      </symbol>
      <symbol id="sm-ee">
         <name>_c6713_dsk_init</name>
         <value>0x0</value>
      </symbol>
      <symbol id="sm-fa">
         <name>_c_int00</name>
         <value>0xaf80</value>
         <object_component_ref idref="oc-f"/>
      </symbol>
      <symbol id="sm-fb">
         <name>__stack</name>
         <value>0xb1a0</value>
         <object_component_ref idref="oc-1c"/>
      </symbol>
      <symbol id="sm-10b">
         <name>C$$EXIT</name>
         <value>0xb160</value>
         <object_component_ref idref="oc-66"/>
      </symbol>
      <symbol id="sm-10c">
         <name>_exit</name>
         <value>0xad60</value>
         <object_component_ref idref="oc-5e"/>
      </symbol>
      <symbol id="sm-10d">
         <name>___TI_enable_exit_profile_output</name>
         <value>0x90a4</value>
         <object_component_ref idref="oc-21"/>
      </symbol>
      <symbol id="sm-10e">
         <name>_abort</name>
         <value>0xb160</value>
         <object_component_ref idref="oc-66"/>
      </symbol>
      <symbol id="sm-10f">
         <name>__cleanup_ptr</name>
         <value>0x909c</value>
         <object_component_ref idref="oc-21"/>
      </symbol>
      <symbol id="sm-110">
         <name>__dtors_ptr</name>
         <value>0x90a0</value>
         <object_component_ref idref="oc-21"/>
      </symbol>
      <symbol id="sm-11a">
         <name>__args_main</name>
         <value>0xb080</value>
         <object_component_ref idref="oc-5d"/>
      </symbol>
      <symbol id="sm-11b">
         <name>__TI_args_main</name>
         <value>0x1</value>
      </symbol>
      <symbol id="sm-125">
         <name>__auto_init</name>
         <value>0xab80</value>
         <object_component_ref idref="oc-5c"/>
      </symbol>
      <symbol id="sm-12f">
         <name>___TI_cpp_init</name>
         <value>0xaf00</value>
         <object_component_ref idref="oc-64"/>
      </symbol>
      <symbol id="sm-139">
         <name>_copy_in</name>
         <value>0xae40</value>
         <object_component_ref idref="oc-62"/>
      </symbol>
      <symbol id="sm-143">
         <name>_memcpy</name>
         <value>0xa280</value>
         <object_component_ref idref="oc-63"/>
      </symbol>
      <symbol id="sm-15d">
         <name>_MCBSP_reset</name>
         <value>0xa6a0</value>
         <object_component_ref idref="oc-67"/>
      </symbol>
      <symbol id="sm-15e">
         <name>_MCBSP_read</name>
         <value>0xb0e0</value>
         <object_component_ref idref="oc-69"/>
      </symbol>
      <symbol id="sm-15f">
         <name>_MCBSP_open</name>
         <value>0xa980</value>
         <object_component_ref idref="oc-60"/>
      </symbol>
      <symbol id="sm-160">
         <name>__MCBSP_hDev0</name>
         <value>0x906c</value>
         <object_component_ref idref="oc-34"/>
      </symbol>
      <symbol id="sm-161">
         <name>__MCBSP_hDev1</name>
         <value>0x9070</value>
         <object_component_ref idref="oc-34"/>
      </symbol>
      <symbol id="sm-162">
         <name>_MCBSP_start</name>
         <value>0xaa80</value>
         <object_component_ref idref="oc-61"/>
      </symbol>
      <symbol id="sm-163">
         <name>_MCBSP_rrdy</name>
         <value>0xb100</value>
         <object_component_ref idref="oc-68"/>
      </symbol>
      <symbol id="sm-164">
         <name>_MCBSP_xrdy</name>
         <value>0xb140</value>
         <object_component_ref idref="oc-6a"/>
      </symbol>
      <symbol id="sm-165">
         <name>_MCBSP_write</name>
         <value>0xb120</value>
         <object_component_ref idref="oc-6b"/>
      </symbol>
      <symbol id="sm-173">
         <name>__IRQ_eventTable</name>
         <value>0x8f70</value>
         <object_component_ref idref="oc-3a"/>
      </symbol>
      <symbol id="sm-174">
         <name>__IRQ_intTable</name>
         <value>0x8ff4</value>
         <object_component_ref idref="oc-3a"/>
      </symbol>
      <symbol id="sm-175">
         <name>__IRQ_dispatchTable</name>
         <value>0x9034</value>
         <object_component_ref idref="oc-3a"/>
      </symbol>
      <symbol id="sm-176">
         <name>__IRQ_hookFetchPacket</name>
         <value>0xb180</value>
         <object_component_ref idref="oc-38"/>
      </symbol>
      <symbol id="sm-184">
         <name>_DSK6713_AIC23_codeccontrolhandle</name>
         <value>0x90a8</value>
         <object_component_ref idref="oc-3f"/>
      </symbol>
      <symbol id="sm-185">
         <name>_DSK6713_AIC23_codecdatahandle</name>
         <value>0x90ac</value>
         <object_component_ref idref="oc-3f"/>
      </symbol>
      <symbol id="sm-186">
         <name>_DSK6713_AIC23_openCodec</name>
         <value>0x9f80</value>
         <object_component_ref idref="oc-3e"/>
      </symbol>
      <symbol id="sm-194">
         <name>_DSK6713_AIC23_config</name>
         <value>0xa900</value>
         <object_component_ref idref="oc-44"/>
      </symbol>
      <symbol id="sm-195">
         <name>_DSK6713_AIC23_rget</name>
         <value>0xa8d8</value>
         <object_component_ref idref="oc-44"/>
      </symbol>
      <symbol id="sm-196">
         <name>_DSK6713_AIC23_rset</name>
         <value>0xa840</value>
         <object_component_ref idref="oc-44"/>
      </symbol>
      <symbol id="sm-1a0">
         <name>_DSK6713_DIP_init</name>
         <value>0xb000</value>
         <object_component_ref idref="oc-4a"/>
      </symbol>
      <symbol id="sm-1a1">
         <name>_DSK6713_DIP_get</name>
         <value>0xb008</value>
         <object_component_ref idref="oc-4a"/>
      </symbol>
      <symbol id="sm-1ad">
         <name>_DSK6713_LED_init</name>
         <value>0xa4c0</value>
         <object_component_ref idref="oc-4e"/>
      </symbol>
      <symbol id="sm-1ae">
         <name>_DSK6713_LED_on</name>
         <value>0xa570</value>
         <object_component_ref idref="oc-4e"/>
      </symbol>
      <symbol id="sm-1af">
         <name>_DSK6713_LED_toggle</name>
         <value>0xa5e0</value>
         <object_component_ref idref="oc-4e"/>
      </symbol>
      <symbol id="sm-1b0">
         <name>_DSK6713_LED_off</name>
         <value>0xa500</value>
         <object_component_ref idref="oc-4e"/>
      </symbol>
      <symbol id="sm-1be">
         <name>_DSK6713_init</name>
         <value>0x9b4c</value>
         <object_component_ref idref="oc-53"/>
      </symbol>
      <symbol id="sm-1bf">
         <name>_DSK6713_version</name>
         <value>0x90b0</value>
         <object_component_ref idref="oc-54"/>
      </symbol>
      <symbol id="sm-1c0">
         <name>_DSK6713_rget</name>
         <value>0x9e68</value>
         <object_component_ref idref="oc-53"/>
      </symbol>
      <symbol id="sm-1c1">
         <name>_DSK6713_wait</name>
         <value>0x9e90</value>
         <object_component_ref idref="oc-53"/>
      </symbol>
      <symbol id="sm-1c2">
         <name>_DSK6713_rset</name>
         <value>0x9e7c</value>
         <object_component_ref idref="oc-53"/>
      </symbol>
      <symbol id="sm-1c3">
         <name>_DSK6713_waitusec</name>
         <value>0x9ee8</value>
         <object_component_ref idref="oc-53"/>
      </symbol>
      <symbol id="sm-1c4">
         <name>_DSK6713_getVersion</name>
         <value>0x9f14</value>
         <object_component_ref idref="oc-53"/>
      </symbol>
      <symbol id="sm-1cc">
         <name>__strasg</name>
         <value>0xac80</value>
         <object_component_ref idref="oc-5f"/>
      </symbol>
   </symbol_table>
</link_info>
